Archive member included to satisfy reference by file (symbol)

c:/progra~2/gnuarm~1/102021~1.10/bin/../lib/gcc/arm-none-eabi/10.3.1/thumb/v7-m/nofp\libgcc.a(_arm_mulsf3.o)
                              CMakeFiles/HelloWord-Keyboard-fw.elf.dir/HelloWord/hw_keyboard.cpp.obj (__aeabi_fmul)
c:/progra~2/gnuarm~1/102021~1.10/bin/../lib/gcc/arm-none-eabi/10.3.1/thumb/v7-m/nofp\libgcc.a(_arm_addsubsf3.o)
                              CMakeFiles/HelloWord-Keyboard-fw.elf.dir/HelloWord/hw_keyboard.cpp.obj (__aeabi_ui2f)
c:/progra~2/gnuarm~1/102021~1.10/bin/../lib/gcc/arm-none-eabi/10.3.1/thumb/v7-m/nofp\libgcc.a(_arm_fixunssfsi.o)
                              CMakeFiles/HelloWord-Keyboard-fw.elf.dir/HelloWord/hw_keyboard.cpp.obj (__aeabi_f2uiz)
c:/progra~2/gnuarm~1/102021~1.10/bin/../lib/gcc/arm-none-eabi/10.3.1/../../../../arm-none-eabi/lib/thumb/v7-m/nofp\libg.a(lib_a-errno.o)
                              CMakeFiles/HelloWord-Keyboard-fw.elf.dir/Core/Src/syscalls.c.obj (__errno)
c:/progra~2/gnuarm~1/102021~1.10/bin/../lib/gcc/arm-none-eabi/10.3.1/../../../../arm-none-eabi/lib/thumb/v7-m/nofp\libg.a(lib_a-exit.o)
                              c:/progra~2/gnuarm~1/102021~1.10/bin/../lib/gcc/arm-none-eabi/10.3.1/../../../../arm-none-eabi/lib/thumb/v7-m/nofp/crt0.o (exit)
c:/progra~2/gnuarm~1/102021~1.10/bin/../lib/gcc/arm-none-eabi/10.3.1/../../../../arm-none-eabi/lib/thumb/v7-m/nofp\libg.a(lib_a-impure.o)
                              c:/progra~2/gnuarm~1/102021~1.10/bin/../lib/gcc/arm-none-eabi/10.3.1/../../../../arm-none-eabi/lib/thumb/v7-m/nofp\libg.a(lib_a-exit.o) (_global_impure_ptr)
c:/progra~2/gnuarm~1/102021~1.10/bin/../lib/gcc/arm-none-eabi/10.3.1/../../../../arm-none-eabi/lib/thumb/v7-m/nofp\libg.a(lib_a-init.o)
                              c:/progra~2/gnuarm~1/102021~1.10/bin/../lib/gcc/arm-none-eabi/10.3.1/../../../../arm-none-eabi/lib/thumb/v7-m/nofp/crt0.o (__libc_init_array)
c:/progra~2/gnuarm~1/102021~1.10/bin/../lib/gcc/arm-none-eabi/10.3.1/../../../../arm-none-eabi/lib/thumb/v7-m/nofp\libg.a(lib_a-memcpy.o)
                              CMakeFiles/HelloWord-Keyboard-fw.elf.dir/HelloWord/Utils/Memory/random_flash_utils.cpp.obj (memcpy)
c:/progra~2/gnuarm~1/102021~1.10/bin/../lib/gcc/arm-none-eabi/10.3.1/../../../../arm-none-eabi/lib/thumb/v7-m/nofp\libg.a(lib_a-memset.o)
                              c:/progra~2/gnuarm~1/102021~1.10/bin/../lib/gcc/arm-none-eabi/10.3.1/../../../../arm-none-eabi/lib/thumb/v7-m/nofp/crt0.o (memset)
c:/progra~2/gnuarm~1/102021~1.10/bin/../lib/gcc/arm-none-eabi/10.3.1/../../../../arm-none-eabi/lib/thumb/v7-m/nofp\libg.a(lib_a-setvbuf.o)
                              CMakeFiles/HelloWord-Keyboard-fw.elf.dir/HelloWord/Utils/retarget.c.obj (setvbuf)
c:/progra~2/gnuarm~1/102021~1.10/bin/../lib/gcc/arm-none-eabi/10.3.1/../../../../arm-none-eabi/lib/thumb/v7-m/nofp\libg.a(lib_a-__call_atexit.o)
                              c:/progra~2/gnuarm~1/102021~1.10/bin/../lib/gcc/arm-none-eabi/10.3.1/../../../../arm-none-eabi/lib/thumb/v7-m/nofp\libg.a(lib_a-exit.o) (__call_exitprocs)
c:/progra~2/gnuarm~1/102021~1.10/bin/../lib/gcc/arm-none-eabi/10.3.1/../../../../arm-none-eabi/lib/thumb/v7-m/nofp\libg.a(lib_a-atexit.o)
                              c:/progra~2/gnuarm~1/102021~1.10/bin/../lib/gcc/arm-none-eabi/10.3.1/../../../../arm-none-eabi/lib/thumb/v7-m/nofp\libg.a(lib_a-__call_atexit.o) (atexit)
c:/progra~2/gnuarm~1/102021~1.10/bin/../lib/gcc/arm-none-eabi/10.3.1/../../../../arm-none-eabi/lib/thumb/v7-m/nofp\libg.a(lib_a-fflush.o)
                              c:/progra~2/gnuarm~1/102021~1.10/bin/../lib/gcc/arm-none-eabi/10.3.1/../../../../arm-none-eabi/lib/thumb/v7-m/nofp\libg.a(lib_a-setvbuf.o) (_fflush_r)
c:/progra~2/gnuarm~1/102021~1.10/bin/../lib/gcc/arm-none-eabi/10.3.1/../../../../arm-none-eabi/lib/thumb/v7-m/nofp\libg.a(lib_a-findfp.o)
                              c:/progra~2/gnuarm~1/102021~1.10/bin/../lib/gcc/arm-none-eabi/10.3.1/../../../../arm-none-eabi/lib/thumb/v7-m/nofp\libg.a(lib_a-setvbuf.o) (__sinit)
c:/progra~2/gnuarm~1/102021~1.10/bin/../lib/gcc/arm-none-eabi/10.3.1/../../../../arm-none-eabi/lib/thumb/v7-m/nofp\libg.a(lib_a-fini.o)
                              c:/progra~2/gnuarm~1/102021~1.10/bin/../lib/gcc/arm-none-eabi/10.3.1/../../../../arm-none-eabi/lib/thumb/v7-m/nofp\libg.a(lib_a-__call_atexit.o) (__libc_fini_array)
c:/progra~2/gnuarm~1/102021~1.10/bin/../lib/gcc/arm-none-eabi/10.3.1/../../../../arm-none-eabi/lib/thumb/v7-m/nofp\libg.a(lib_a-freer.o)
                              c:/progra~2/gnuarm~1/102021~1.10/bin/../lib/gcc/arm-none-eabi/10.3.1/../../../../arm-none-eabi/lib/thumb/v7-m/nofp\libg.a(lib_a-setvbuf.o) (_free_r)
c:/progra~2/gnuarm~1/102021~1.10/bin/../lib/gcc/arm-none-eabi/10.3.1/../../../../arm-none-eabi/lib/thumb/v7-m/nofp\libg.a(lib_a-fwalk.o)
                              c:/progra~2/gnuarm~1/102021~1.10/bin/../lib/gcc/arm-none-eabi/10.3.1/../../../../arm-none-eabi/lib/thumb/v7-m/nofp\libg.a(lib_a-findfp.o) (_fwalk)
[...]
Memory Configuration

Name             Origin             Length             Attributes
RAM              0x20000000         0x00005000         xrw
FLASH            0x08000000         0x00020000         xr
*default*        0x00000000         0xffffffff

Linker script and memory map

LOAD c:/progra~2/gnuarm~1/102021~1.10/bin/../lib/gcc/arm-none-eabi/10.3.1/thumb/v7-m/nofp/crti.o
LOAD c:/progra~2/gnuarm~1/102021~1.10/bin/../lib/gcc/arm-none-eabi/10.3.1/thumb/v7-m/nofp/crtbegin.o
LOAD c:/progra~2/gnuarm~1/102021~1.10/bin/../lib/gcc/arm-none-eabi/10.3.1/../../../../arm-none-eabi/lib/thumb/v7-m/nofp/crt0.o
LOAD CMakeFiles/HelloWord-Keyboard-fw.elf.dir/Core/Src/dma.c.obj
LOAD CMakeFiles/HelloWord-Keyboard-fw.elf.dir/Core/Src/gpio.c.obj
LOAD CMakeFiles/HelloWord-Keyboard-fw.elf.dir/Core/Src/main.c.obj
LOAD CMakeFiles/HelloWord-Keyboard-fw.elf.dir/Core/Src/spi.c.obj
LOAD CMakeFiles/HelloWord-Keyboard-fw.elf.dir/Core/Src/stm32f1xx_hal_msp.c.obj
LOAD CMakeFiles/HelloWord-Keyboard-fw.elf.dir/Core/Src/stm32f1xx_it.c.obj
LOAD CMakeFiles/HelloWord-Keyboard-fw.elf.dir/Core/Src/syscalls.c.obj
LOAD CMakeFiles/HelloWord-Keyboard-fw.elf.dir/Core/Src/system_stm32f1xx.c.obj
LOAD CMakeFiles/HelloWord-Keyboard-fw.elf.dir/Core/Src/tim.c.obj
LOAD CMakeFiles/HelloWord-Keyboard-fw.elf.dir/Core/Src/usart.c.obj
LOAD CMakeFiles/HelloWord-Keyboard-fw.elf.dir/Drivers/STM32F1xx_HAL_Driver/Src/stm32f1xx_hal.c.obj
LOAD CMakeFiles/HelloWord-Keyboard-fw.elf.dir/Drivers/STM32F1xx_HAL_Driver/Src/stm32f1xx_hal_cortex.c.obj
LOAD CMakeFiles/HelloWord-Keyboard-fw.elf.dir/Drivers/STM32F1xx_HAL_Driver/Src/stm32f1xx_hal_dma.c.obj
LOAD CMakeFiles/HelloWord-Keyboard-fw.elf.dir/Drivers/STM32F1xx_HAL_Driver/Src/stm32f1xx_hal_exti.c.obj
LOAD CMakeFiles/HelloWord-Keyboard-fw.elf.dir/Drivers/STM32F1xx_HAL_Driver/Src/stm32f1xx_hal_flash.c.obj
LOAD CMakeFiles/HelloWord-Keyboard-fw.elf.dir/Drivers/STM32F1xx_HAL_Driver/Src/stm32f1xx_hal_flash_ex.c.obj
LOAD CMakeFiles/HelloWord-Keyboard-fw.elf.dir/Drivers/STM32F1xx_HAL_Driver/Src/stm32f1xx_hal_gpio.c.obj
LOAD CMakeFiles/HelloWord-Keyboard-fw.elf.dir/Drivers/STM32F1xx_HAL_Driver/Src/stm32f1xx_hal_gpio_ex.c.obj
LOAD CMakeFiles/HelloWord-Keyboard-fw.elf.dir/Drivers/STM32F1xx_HAL_Driver/Src/stm32f1xx_hal_pcd.c.obj
LOAD CMakeFiles/HelloWord-Keyboard-fw.elf.dir/Drivers/STM32F1xx_HAL_Driver/Src/stm32f1xx_hal_pcd_ex.c.obj
LOAD CMakeFiles/HelloWord-Keyboard-fw.elf.dir/Drivers/STM32F1xx_HAL_Driver/Src/stm32f1xx_hal_pwr.c.obj
LOAD CMakeFiles/HelloWord-Keyboard-fw.elf.dir/Drivers/STM32F1xx_HAL_Driver/Src/stm32f1xx_hal_rcc.c.obj
LOAD CMakeFiles/HelloWord-Keyboard-fw.elf.dir/Drivers/STM32F1xx_HAL_Driver/Src/stm32f1xx_hal_rcc_ex.c.obj
LOAD CMakeFiles/HelloWord-Keyboard-fw.elf.dir/Drivers/STM32F1xx_HAL_Driver/Src/stm32f1xx_hal_spi.c.obj
LOAD CMakeFiles/HelloWord-Keyboard-fw.elf.dir/Drivers/STM32F1xx_HAL_Driver/Src/stm32f1xx_hal_tim.c.obj
LOAD CMakeFiles/HelloWord-Keyboard-fw.elf.dir/Drivers/STM32F1xx_HAL_Driver/Src/stm32f1xx_hal_tim_ex.c.obj
LOAD CMakeFiles/HelloWord-Keyboard-fw.elf.dir/Drivers/STM32F1xx_HAL_Driver/Src/stm32f1xx_hal_uart.c.obj
LOAD CMakeFiles/HelloWord-Keyboard-fw.elf.dir/Drivers/STM32F1xx_HAL_Driver/Src/stm32f1xx_ll_usb.c.obj
LOAD CMakeFiles/HelloWord-Keyboard-fw.elf.dir/HelloWord/Utils/Memory/random_flash_utils.cpp.obj
LOAD CMakeFiles/HelloWord-Keyboard-fw.elf.dir/HelloWord/Utils/retarget.c.obj
LOAD CMakeFiles/HelloWord-Keyboard-fw.elf.dir/HelloWord/Utils/st_hardware.c.obj
LOAD CMakeFiles/HelloWord-Keyboard-fw.elf.dir/HelloWord/hw_keyboard.cpp.obj
LOAD CMakeFiles/HelloWord-Keyboard-fw.elf.dir/Middlewares/ST/STM32_USB_Device_Library/Class/CustomHID/Src/usbd_customhid.c.obj
LOAD CMakeFiles/HelloWord-Keyboard-fw.elf.dir/Middlewares/ST/STM32_USB_Device_Library/Core/Src/usbd_core.c.obj
LOAD CMakeFiles/HelloWord-Keyboard-fw.elf.dir/Middlewares/ST/STM32_USB_Device_Library/Core/Src/usbd_ctlreq.c.obj
LOAD CMakeFiles/HelloWord-Keyboard-fw.elf.dir/Middlewares/ST/STM32_USB_Device_Library/Core/Src/usbd_ioreq.c.obj
LOAD CMakeFiles/HelloWord-Keyboard-fw.elf.dir/USB_DEVICE/App/usb_device.c.obj
LOAD CMakeFiles/HelloWord-Keyboard-fw.elf.dir/USB_DEVICE/App/usbd_custom_hid_if.c.obj
LOAD CMakeFiles/HelloWord-Keyboard-fw.elf.dir/USB_DEVICE/App/usbd_desc.c.obj
LOAD CMakeFiles/HelloWord-Keyboard-fw.elf.dir/USB_DEVICE/Target/usbd_conf.c.obj
LOAD CMakeFiles/HelloWord-Keyboard-fw.elf.dir/UserApp/Protocols/interface_uart.cpp.obj
LOAD CMakeFiles/HelloWord-Keyboard-fw.elf.dir/UserApp/main.cpp.obj
LOAD CMakeFiles/HelloWord-Keyboard-fw.elf.dir/startup/startup_stm32f103xb.s.obj
LOAD c:/progra~2/gnuarm~1/102021~1.10/bin/../lib/gcc/arm-none-eabi/10.3.1/../../../../arm-none-eabi/lib/thumb/v7-m/nofp\libstdc++.a
LOAD c:/progra~2/gnuarm~1/102021~1.10/bin/../lib/gcc/arm-none-eabi/10.3.1/../../../../arm-none-eabi/lib/thumb/v7-m/nofp\libm.a
START GROUP
LOAD c:/progra~2/gnuarm~1/102021~1.10/bin/../lib/gcc/arm-none-eabi/10.3.1/thumb/v7-m/nofp\libgcc.a
LOAD c:/progra~2/gnuarm~1/102021~1.10/bin/../lib/gcc/arm-none-eabi/10.3.1/../../../../arm-none-eabi/lib/thumb/v7-m/nofp\libg.a
LOAD c:/progra~2/gnuarm~1/102021~1.10/bin/../lib/gcc/arm-none-eabi/10.3.1/../../../../arm-none-eabi/lib/thumb/v7-m/nofp\libc.a
END GROUP
LOAD c:/progra~2/gnuarm~1/102021~1.10/bin/../lib/gcc/arm-none-eabi/10.3.1/thumb/v7-m/nofp/crtend.o
LOAD c:/progra~2/gnuarm~1/102021~1.10/bin/../lib/gcc/arm-none-eabi/10.3.1/thumb/v7-m/nofp/crtn.o
                0x20005000                _estack = 0x20005000
                0x00000200                _Min_Heap_Size = 0x200
                0x00000800                _Min_Stack_Size = 0x800

.isr_vector     0x08000000      0x10c
                0x08000000                . = ALIGN (0x4)
 *(.isr_vector)
 .isr_vector    0x08000000      0x10c CMakeFiles/HelloWord-Keyboard-fw.elf.dir/startup/startup_stm32f103xb.s.obj
                0x08000000                g_pfnVectors
                0x0800010c                . = ALIGN (0x4)

.text           0x0800010c     0x65bc
                0x0800010c                . = ALIGN (0x4)
 *(.text)
 .text          0x0800010c       0x40 c:/progra~2/gnuarm~1/102021~1.10/bin/../lib/gcc/arm-none-eabi/10.3.1/thumb/v7-m/nofp/crtbegin.o
 .text          0x0800014c      0x168 c:/progra~2/gnuarm~1/102021~1.10/bin/../lib/gcc/arm-none-eabi/10.3.1/thumb/v7-m/nofp\libgcc.a(_arm_mulsf3.o)
                0x0800014c                __aeabi_fmul
                0x0800014c                __mulsf3
 .text          0x080002b4      0x21c c:/progra~2/gnuarm~1/102021~1.10/bin/../lib/gcc/arm-none-eabi/10.3.1/thumb/v7-m/nofp\libgcc.a(_arm_addsubsf3.o)
                0x080002b4                __aeabi_frsub
                0x080002bc                __subsf3
                0x080002bc                __aeabi_fsub
                0x080002c0                __aeabi_fadd
                0x080002c0                __addsf3
                0x08000420                __aeabi_ui2f
                0x08000420                __floatunsisf
                0x08000428                __aeabi_i2f
                0x08000428                __floatsisf
                0x08000444                __aeabi_ul2f
                0x08000444                __floatundisf
                0x08000454                __aeabi_l2f
                0x08000454                __floatdisf
 .text          0x080004d0       0x40 c:/progra~2/gnuarm~1/102021~1.10/bin/../lib/gcc/arm-none-eabi/10.3.1/thumb/v7-m/nofp\libgcc.a(_arm_fixunssfsi.o)
                0x080004d0                __fixunssfsi
                0x080004d0                __aeabi_f2uiz
 .text          0x08000510       0xec c:/progra~2/gnuarm~1/102021~1.10/bin/../lib/gcc/arm-none-eabi/10.3.1/../../../../arm-none-eabi/lib/thumb/v7-m/nofp\libg.a(lib_a-memcpy.o)
                0x08000510                memcpy
 *(.text*)
 .text.MX_DMA_Init
                0x080005fc       0x44 CMakeFiles/HelloWord-Keyboard-fw.elf.dir/Core/Src/dma.c.obj
                0x080005fc                MX_DMA_Init
 .text.MX_GPIO_Init
                0x08000640       0xe4 CMakeFiles/HelloWord-Keyboard-fw.elf.dir/Core/Src/gpio.c.obj
                0x08000640                MX_GPIO_Init
 .text.Error_Handler
                0x08000724        0x4 CMakeFiles/HelloWord-Keyboard-fw.elf.dir/Core/Src/main.c.obj
                0x08000724                Error_Handler
 .text.SystemClock_Config
                0x08000728       0x82 CMakeFiles/HelloWord-Keyboard-fw.elf.dir/Core/Src/main.c.obj
                0x08000728                SystemClock_Config
 .text.main     0x080007aa       0x30 CMakeFiles/HelloWord-Keyboard-fw.elf.dir/Core/Src/main.c.obj
                0x080007aa                main
 *fill*         0x080007da        0x2 
 .text.MX_SPI1_Init
                0x080007dc       0x48 CMakeFiles/HelloWord-Keyboard-fw.elf.dir/Core/Src/spi.c.obj
                0x080007dc                MX_SPI1_Init
 .text.MX_SPI2_Init
                0x08000824       0x44 CMakeFiles/HelloWord-Keyboard-fw.elf.dir/Core/Src/spi.c.obj
                0x08000824                MX_SPI2_Init
 .text.HAL_SPI_MspInit
                0x08000868      0x150 CMakeFiles/HelloWord-Keyboard-fw.elf.dir/Core/Src/spi.c.obj
                0x08000868                HAL_SPI_MspInit
 .text.HAL_MspInit
                0x080009b8       0x44 CMakeFiles/HelloWord-Keyboard-fw.elf.dir/Core/Src/stm32f1xx_hal_msp.c.obj
                0x080009b8                HAL_MspInit
 .text.NMI_Handler
                0x080009fc        0x2 CMakeFiles/HelloWord-Keyboard-fw.elf.dir/Core/Src/stm32f1xx_it.c.obj
                0x080009fc                NMI_Handler
 .text.HardFault_Handler
                0x080009fe        0x2 CMakeFiles/HelloWord-Keyboard-fw.elf.dir/Core/Src/stm32f1xx_it.c.obj
                0x080009fe                HardFault_Handler
 .text.MemManage_Handler
                0x08000a00        0x2 CMakeFiles/HelloWord-Keyboard-fw.elf.dir/Core/Src/stm32f1xx_it.c.obj
                0x08000a00                MemManage_Handler
 .text.BusFault_Handler
                0x08000a02        0x2 CMakeFiles/HelloWord-Keyboard-fw.elf.dir/Core/Src/stm32f1xx_it.c.obj
                0x08000a02                BusFault_Handler
 .text.UsageFault_Handler
                0x08000a04        0x2 CMakeFiles/HelloWord-Keyboard-fw.elf.dir/Core/Src/stm32f1xx_it.c.obj
                0x08000a04                UsageFault_Handler
 .text.SVC_Handler
                0x08000a06        0x2 CMakeFiles/HelloWord-Keyboard-fw.elf.dir/Core/Src/stm32f1xx_it.c.obj
                0x08000a06                SVC_Handler
 .text.DebugMon_Handler
                0x08000a08        0x2 CMakeFiles/HelloWord-Keyboard-fw.elf.dir/Core/Src/stm32f1xx_it.c.obj
                0x08000a08                DebugMon_Handler
 .text.PendSV_Handler
                0x08000a0a        0x2 CMakeFiles/HelloWord-Keyboard-fw.elf.dir/Core/Src/stm32f1xx_it.c.obj
                0x08000a0a                PendSV_Handler
 .text.SysTick_Handler
                0x08000a0c        0x8 CMakeFiles/HelloWord-Keyboard-fw.elf.dir/Core/Src/stm32f1xx_it.c.obj
                0x08000a0c                SysTick_Handler
 .text.DMA1_Channel2_IRQHandler
                0x08000a14       0x10 CMakeFiles/HelloWord-Keyboard-fw.elf.dir/Core/Src/stm32f1xx_it.c.obj
                0x08000a14                DMA1_Channel2_IRQHandler
 .text.DMA1_Channel5_IRQHandler
                0x08000a24       0x10 CMakeFiles/HelloWord-Keyboard-fw.elf.dir/Core/Src/stm32f1xx_it.c.obj
                0x08000a24                DMA1_Channel5_IRQHandler
 .text.USB_LP_CAN1_RX0_IRQHandler
                0x08000a34       0x10 CMakeFiles/HelloWord-Keyboard-fw.elf.dir/Core/Src/stm32f1xx_it.c.obj
                0x08000a34                USB_LP_CAN1_RX0_IRQHandler
 .text.TIM4_IRQHandler
                0x08000a44       0x14 CMakeFiles/HelloWord-Keyboard-fw.elf.dir/Core/Src/stm32f1xx_it.c.obj
                0x08000a44                TIM4_IRQHandler
 .text.SPI1_IRQHandler
                0x08000a58       0x10 CMakeFiles/HelloWord-Keyboard-fw.elf.dir/Core/Src/stm32f1xx_it.c.obj
                0x08000a58                SPI1_IRQHandler
 .text.SPI2_IRQHandler
                0x08000a68       0x10 CMakeFiles/HelloWord-Keyboard-fw.elf.dir/Core/Src/stm32f1xx_it.c.obj
                0x08000a68                SPI2_IRQHandler
 .text.SystemInit
                0x08000a78        0x2 CMakeFiles/HelloWord-Keyboard-fw.elf.dir/Core/Src/system_stm32f1xx.c.obj
                0x08000a78                SystemInit
 *fill*         0x08000a7a        0x2 
 .text.MX_TIM4_Init
                0x08000a7c       0x70 CMakeFiles/HelloWord-Keyboard-fw.elf.dir/Core/Src/tim.c.obj
                0x08000a7c                MX_TIM4_Init
 .text.HAL_TIM_Base_MspInit
                0x08000aec       0x40 CMakeFiles/HelloWord-Keyboard-fw.elf.dir/Core/Src/tim.c.obj
                0x08000aec                HAL_TIM_Base_MspInit
 .text.MX_USART1_UART_Init
                0x08000b2c       0x34 CMakeFiles/HelloWord-Keyboard-fw.elf.dir/Core/Src/usart.c.obj
                0x08000b2c                MX_USART1_UART_Init
 .text.HAL_UART_MspInit
                0x08000b60       0x78 CMakeFiles/HelloWord-Keyboard-fw.elf.dir/Core/Src/usart.c.obj
                0x08000b60                HAL_UART_MspInit
 .text.HAL_InitTick
                0x08000bd8       0x4c CMakeFiles/HelloWord-Keyboard-fw.elf.dir/Drivers/STM32F1xx_HAL_Driver/Src/stm32f1xx_hal.c.obj
                0x08000bd8                HAL_InitTick
 .text.HAL_Init
                0x08000c24       0x24 CMakeFiles/HelloWord-Keyboard-fw.elf.dir/Drivers/STM32F1xx_HAL_Driver/Src/stm32f1xx_hal.c.obj
                0x08000c24                HAL_Init
 .text.HAL_IncTick
                0x08000c48       0x18 CMakeFiles/HelloWord-Keyboard-fw.elf.dir/Drivers/STM32F1xx_HAL_Driver/Src/stm32f1xx_hal.c.obj
                0x08000c48                HAL_IncTick
 .text.HAL_GetTick
                0x08000c60        0xc CMakeFiles/HelloWord-Keyboard-fw.elf.dir/Drivers/STM32F1xx_HAL_Driver/Src/stm32f1xx_hal.c.obj
                0x08000c60                HAL_GetTick
 .text.HAL_Delay
                0x08000c6c       0x28 CMakeFiles/HelloWord-Keyboard-fw.elf.dir/Drivers/STM32F1xx_HAL_Driver/Src/stm32f1xx_hal.c.obj
                0x08000c6c                HAL_Delay
 .text.HAL_NVIC_SetPriorityGrouping
                0x08000c94       0x24 CMakeFiles/HelloWord-Keyboard-fw.elf.dir/Drivers/STM32F1xx_HAL_Driver/Src/stm32f1xx_hal_cortex.c.obj
                0x08000c94                HAL_NVIC_SetPriorityGrouping
 .text.HAL_NVIC_SetPriority
                0x08000cb8       0x70 CMakeFiles/HelloWord-Keyboard-fw.elf.dir/Drivers/STM32F1xx_HAL_Driver/Src/stm32f1xx_hal_cortex.c.obj
                0x08000cb8                HAL_NVIC_SetPriority
 .text.HAL_NVIC_EnableIRQ
                0x08000d28       0x1c CMakeFiles/HelloWord-Keyboard-fw.elf.dir/Drivers/STM32F1xx_HAL_Driver/Src/stm32f1xx_hal_cortex.c.obj
                0x08000d28                HAL_NVIC_EnableIRQ
 .text.HAL_SYSTICK_Config
                0x08000d44       0x28 CMakeFiles/HelloWord-Keyboard-fw.elf.dir/Drivers/STM32F1xx_HAL_Driver/Src/stm32f1xx_hal_cortex.c.obj
                0x08000d44                HAL_SYSTICK_Config
 .text.DMA_SetConfig
                0x08000d6c       0x2c CMakeFiles/HelloWord-Keyboard-fw.elf.dir/Drivers/STM32F1xx_HAL_Driver/Src/stm32f1xx_hal_dma.c.obj
 .text.HAL_DMA_Init
                0x08000d98       0x6c CMakeFiles/HelloWord-Keyboard-fw.elf.dir/Drivers/STM32F1xx_HAL_Driver/Src/stm32f1xx_hal_dma.c.obj
                0x08000d98                HAL_DMA_Init
 .text.HAL_DMA_Start_IT
                0x08000e04       0x74 CMakeFiles/HelloWord-Keyboard-fw.elf.dir/Drivers/STM32F1xx_HAL_Driver/Src/stm32f1xx_hal_dma.c.obj
                0x08000e04                HAL_DMA_Start_IT
 .text.HAL_DMA_Abort_IT
                0x08000e78       0x98 CMakeFiles/HelloWord-Keyboard-fw.elf.dir/Drivers/STM32F1xx_HAL_Driver/Src/stm32f1xx_hal_dma.c.obj
                0x08000e78                HAL_DMA_Abort_IT
 .text.HAL_DMA_IRQHandler
                0x08000f10      0x144 CMakeFiles/HelloWord-Keyboard-fw.elf.dir/Drivers/STM32F1xx_HAL_Driver/Src/stm32f1xx_hal_dma.c.obj
                0x08000f10                HAL_DMA_IRQHandler
 .text.FLASH_Program_HalfWord
                0x08001054       0x1c CMakeFiles/HelloWord-Keyboard-fw.elf.dir/Drivers/STM32F1xx_HAL_Driver/Src/stm32f1xx_hal_flash.c.obj
 .text.FLASH_SetErrorCode
                0x08001070       0x70 CMakeFiles/HelloWord-Keyboard-fw.elf.dir/Drivers/STM32F1xx_HAL_Driver/Src/stm32f1xx_hal_flash.c.obj
 .text.HAL_FLASH_Unlock
                0x080010e0       0x34 CMakeFiles/HelloWord-Keyboard-fw.elf.dir/Drivers/STM32F1xx_HAL_Driver/Src/stm32f1xx_hal_flash.c.obj
                0x080010e0                HAL_FLASH_Unlock
 .text.HAL_FLASH_Lock
                0x08001114       0x14 CMakeFiles/HelloWord-Keyboard-fw.elf.dir/Drivers/STM32F1xx_HAL_Driver/Src/stm32f1xx_hal_flash.c.obj
                0x08001114                HAL_FLASH_Lock
 .text.FLASH_WaitForLastOperation
                0x08001128       0x68 CMakeFiles/HelloWord-Keyboard-fw.elf.dir/Drivers/STM32F1xx_HAL_Driver/Src/stm32f1xx_hal_flash.c.obj
                0x08001128                FLASH_WaitForLastOperation
 .text.HAL_FLASH_Program
                0x08001190       0xa0 CMakeFiles/HelloWord-Keyboard-fw.elf.dir/Drivers/STM32F1xx_HAL_Driver/Src/stm32f1xx_hal_flash.c.obj
                0x08001190                HAL_FLASH_Program
 .text.FLASH_MassErase
                0x08001230       0x24 CMakeFiles/HelloWord-Keyboard-fw.elf.dir/Drivers/STM32F1xx_HAL_Driver/Src/stm32f1xx_hal_flash_ex.c.obj
 .text.FLASH_PageErase
                0x08001254       0x24 CMakeFiles/HelloWord-Keyboard-fw.elf.dir/Drivers/STM32F1xx_HAL_Driver/Src/stm32f1xx_hal_flash_ex.c.obj
                0x08001254                FLASH_PageErase
 .text.HAL_FLASHEx_Erase
                0x08001278       0xa4 CMakeFiles/HelloWord-Keyboard-fw.elf.dir/Drivers/STM32F1xx_HAL_Driver/Src/stm32f1xx_hal_flash_ex.c.obj
                0x08001278                HAL_FLASHEx_Erase
 .text.HAL_GPIO_Init
                0x0800131c      0x224 CMakeFiles/HelloWord-Keyboard-fw.elf.dir/Drivers/STM32F1xx_HAL_Driver/Src/stm32f1xx_hal_gpio.c.obj
                0x0800131c                HAL_GPIO_Init
 .text.HAL_GPIO_WritePin
                0x08001540        0xc CMakeFiles/HelloWord-Keyboard-fw.elf.dir/Drivers/STM32F1xx_HAL_Driver/Src/stm32f1xx_hal_gpio.c.obj
                0x08001540                HAL_GPIO_WritePin
 .text.HAL_PCD_EP_DB_Receive
                0x0800154c      0x11c CMakeFiles/HelloWord-Keyboard-fw.elf.dir/Drivers/STM32F1xx_HAL_Driver/Src/stm32f1xx_hal_pcd.c.obj
 .text.HAL_PCD_Init
                0x08001668      0x118 CMakeFiles/HelloWord-Keyboard-fw.elf.dir/Drivers/STM32F1xx_HAL_Driver/Src/stm32f1xx_hal_pcd.c.obj
                0x08001668                HAL_PCD_Init
 .text.HAL_PCD_Start
                0x08001780       0x32 CMakeFiles/HelloWord-Keyboard-fw.elf.dir/Drivers/STM32F1xx_HAL_Driver/Src/stm32f1xx_hal_pcd.c.obj
                0x08001780                HAL_PCD_Start
 .text.HAL_PCD_EP_DB_Transmit
                0x080017b2      0x420 CMakeFiles/HelloWord-Keyboard-fw.elf.dir/Drivers/STM32F1xx_HAL_Driver/Src/stm32f1xx_hal_pcd.c.obj
 .text.PCD_EP_ISR_Handler
                0x08001bd2      0x438 CMakeFiles/HelloWord-Keyboard-fw.elf.dir/Drivers/STM32F1xx_HAL_Driver/Src/stm32f1xx_hal_pcd.c.obj
 .text.HAL_PCD_SetAddress
                0x0800200a       0x28 CMakeFiles/HelloWord-Keyboard-fw.elf.dir/Drivers/STM32F1xx_HAL_Driver/Src/stm32f1xx_hal_pcd.c.obj
                0x0800200a                HAL_PCD_SetAddress
 .text.HAL_PCD_IRQHandler
                0x08002032      0x1d4 CMakeFiles/HelloWord-Keyboard-fw.elf.dir/Drivers/STM32F1xx_HAL_Driver/Src/stm32f1xx_hal_pcd.c.obj
                0x08002032                HAL_PCD_IRQHandler
 .text.HAL_PCD_EP_Open
                0x08002206       0x84 CMakeFiles/HelloWord-Keyboard-fw.elf.dir/Drivers/STM32F1xx_HAL_Driver/Src/stm32f1xx_hal_pcd.c.obj
                0x08002206                HAL_PCD_EP_Open
 .text.HAL_PCD_EP_Close
                0x0800228a       0x64 CMakeFiles/HelloWord-Keyboard-fw.elf.dir/Drivers/STM32F1xx_HAL_Driver/Src/stm32f1xx_hal_pcd.c.obj
                0x0800228a                HAL_PCD_EP_Close
 .text.HAL_PCD_EP_Receive
                0x080022ee       0x44 CMakeFiles/HelloWord-Keyboard-fw.elf.dir/Drivers/STM32F1xx_HAL_Driver/Src/stm32f1xx_hal_pcd.c.obj
                0x080022ee                HAL_PCD_EP_Receive
 .text.HAL_PCD_EP_Transmit
                0x08002332       0x50 CMakeFiles/HelloWord-Keyboard-fw.elf.dir/Drivers/STM32F1xx_HAL_Driver/Src/stm32f1xx_hal_pcd.c.obj
                0x08002332                HAL_PCD_EP_Transmit
 .text.HAL_PCD_EP_SetStall
                0x08002382       0x78 CMakeFiles/HelloWord-Keyboard-fw.elf.dir/Drivers/STM32F1xx_HAL_Driver/Src/stm32f1xx_hal_pcd.c.obj
                0x08002382                HAL_PCD_EP_SetStall
 .text.HAL_PCD_EP_ClrStall
                0x080023fa       0x76 CMakeFiles/HelloWord-Keyboard-fw.elf.dir/Drivers/STM32F1xx_HAL_Driver/Src/stm32f1xx_hal_pcd.c.obj
                0x080023fa                HAL_PCD_EP_ClrStall
 .text.HAL_PCDEx_PMAConfig
                0x08002470       0x38 CMakeFiles/HelloWord-Keyboard-fw.elf.dir/Drivers/STM32F1xx_HAL_Driver/Src/stm32f1xx_hal_pcd_ex.c.obj
                0x08002470                HAL_PCDEx_PMAConfig
 .text.RCC_Delay
                0x080024a8       0x2c CMakeFiles/HelloWord-Keyboard-fw.elf.dir/Drivers/STM32F1xx_HAL_Driver/Src/stm32f1xx_hal_rcc.c.obj
 .text.HAL_RCC_DeInit
                0x080024d4       0xf4 CMakeFiles/HelloWord-Keyboard-fw.elf.dir/Drivers/STM32F1xx_HAL_Driver/Src/stm32f1xx_hal_rcc.c.obj
                0x080024d4                HAL_RCC_DeInit
 .text.HAL_RCC_OscConfig
                0x080025c8      0x410 CMakeFiles/HelloWord-Keyboard-fw.elf.dir/Drivers/STM32F1xx_HAL_Driver/Src/stm32f1xx_hal_rcc.c.obj
                0x080025c8                HAL_RCC_OscConfig
 .text.HAL_RCC_GetSysClockFreq
                0x080029d8       0x70 CMakeFiles/HelloWord-Keyboard-fw.elf.dir/Drivers/STM32F1xx_HAL_Driver/Src/stm32f1xx_hal_rcc.c.obj
                0x080029d8                HAL_RCC_GetSysClockFreq
 .text.HAL_RCC_ClockConfig
                0x08002a48      0x16c CMakeFiles/HelloWord-Keyboard-fw.elf.dir/Drivers/STM32F1xx_HAL_Driver/Src/stm32f1xx_hal_rcc.c.obj
                0x08002a48                HAL_RCC_ClockConfig
 .text.HAL_RCC_GetHCLKFreq
                0x08002bb4        0xc CMakeFiles/HelloWord-Keyboard-fw.elf.dir/Drivers/STM32F1xx_HAL_Driver/Src/stm32f1xx_hal_rcc.c.obj
                0x08002bb4                HAL_RCC_GetHCLKFreq
 .text.HAL_RCC_GetPCLK1Freq
                0x08002bc0       0x20 CMakeFiles/HelloWord-Keyboard-fw.elf.dir/Drivers/STM32F1xx_HAL_Driver/Src/stm32f1xx_hal_rcc.c.obj
                0x08002bc0                HAL_RCC_GetPCLK1Freq
 .text.HAL_RCC_GetPCLK2Freq
                0x08002be0       0x20 CMakeFiles/HelloWord-Keyboard-fw.elf.dir/Drivers/STM32F1xx_HAL_Driver/Src/stm32f1xx_hal_rcc.c.obj
                0x08002be0                HAL_RCC_GetPCLK2Freq
 .text.HAL_RCCEx_PeriphCLKConfig
                0x08002c00      0x118 CMakeFiles/HelloWord-Keyboard-fw.elf.dir/Drivers/STM32F1xx_HAL_Driver/Src/stm32f1xx_hal_rcc_ex.c.obj
                0x08002c00                HAL_RCCEx_PeriphCLKConfig
 .text.SPI_WaitFlagStateUntilTimeout
                0x08002d18       0xd4 CMakeFiles/HelloWord-Keyboard-fw.elf.dir/Drivers/STM32F1xx_HAL_Driver/Src/stm32f1xx_hal_spi.c.obj
 .text.SPI_EndRxTxTransaction
                0x08002dec       0x24 CMakeFiles/HelloWord-Keyboard-fw.elf.dir/Drivers/STM32F1xx_HAL_Driver/Src/stm32f1xx_hal_spi.c.obj
 .text.HAL_SPI_Init
                0x08002e10       0xb6 CMakeFiles/HelloWord-Keyboard-fw.elf.dir/Drivers/STM32F1xx_HAL_Driver/Src/stm32f1xx_hal_spi.c.obj
                0x08002e10                HAL_SPI_Init
 *fill*         0x08002ec6        0x2 
 .text.HAL_SPI_Transmit_DMA
                0x08002ec8       0xe0 CMakeFiles/HelloWord-Keyboard-fw.elf.dir/Drivers/STM32F1xx_HAL_Driver/Src/stm32f1xx_hal_spi.c.obj
                0x08002ec8                HAL_SPI_Transmit_DMA
 .text.HAL_SPI_TxHalfCpltCallback
                0x08002fa8        0x2 CMakeFiles/HelloWord-Keyboard-fw.elf.dir/Drivers/STM32F1xx_HAL_Driver/Src/stm32f1xx_hal_spi.c.obj
                0x08002fa8                HAL_SPI_TxHalfCpltCallback
 .text.SPI_DMAHalfTransmitCplt
                0x08002faa        0xa CMakeFiles/HelloWord-Keyboard-fw.elf.dir/Drivers/STM32F1xx_HAL_Driver/Src/stm32f1xx_hal_spi.c.obj
 .text.HAL_SPI_ErrorCallback
                0x08002fb4        0x2 CMakeFiles/HelloWord-Keyboard-fw.elf.dir/Drivers/STM32F1xx_HAL_Driver/Src/stm32f1xx_hal_spi.c.obj
                0x08002fb4                HAL_SPI_ErrorCallback
 .text.SPI_DMAError
                0x08002fb6       0x22 CMakeFiles/HelloWord-Keyboard-fw.elf.dir/Drivers/STM32F1xx_HAL_Driver/Src/stm32f1xx_hal_spi.c.obj
 .text.SPI_DMATransmitCplt
                0x08002fd8       0x70 CMakeFiles/HelloWord-Keyboard-fw.elf.dir/Drivers/STM32F1xx_HAL_Driver/Src/stm32f1xx_hal_spi.c.obj
 .text.HAL_SPI_IRQHandler
                0x08003048      0x108 CMakeFiles/HelloWord-Keyboard-fw.elf.dir/Drivers/STM32F1xx_HAL_Driver/Src/stm32f1xx_hal_spi.c.obj
                0x08003048                HAL_SPI_IRQHandler
 .text.SPI_DMAAbortOnError
                0x08003150       0x10 CMakeFiles/HelloWord-Keyboard-fw.elf.dir/Drivers/STM32F1xx_HAL_Driver/Src/stm32f1xx_hal_spi.c.obj
 .text.TIM_TI1_ConfigInputStage
                0x08003160       0x24 CMakeFiles/HelloWord-Keyboard-fw.elf.dir/Drivers/STM32F1xx_HAL_Driver/Src/stm32f1xx_hal_tim.c.obj
 .text.TIM_TI2_ConfigInputStage
                0x08003184       0x26 CMakeFiles/HelloWord-Keyboard-fw.elf.dir/Drivers/STM32F1xx_HAL_Driver/Src/stm32f1xx_hal_tim.c.obj
 .text.TIM_ITRx_SetConfig
                0x080031aa       0x10 CMakeFiles/HelloWord-Keyboard-fw.elf.dir/Drivers/STM32F1xx_HAL_Driver/Src/stm32f1xx_hal_tim.c.obj
 *fill*         0x080031ba        0x2 
 .text.HAL_TIM_Base_Start_IT
                0x080031bc       0x68 CMakeFiles/HelloWord-Keyboard-fw.elf.dir/Drivers/STM32F1xx_HAL_Driver/Src/stm32f1xx_hal_tim.c.obj
                0x080031bc                HAL_TIM_Base_Start_IT
 .text.HAL_TIM_PeriodElapsedCallback
                0x08003224        0x2 CMakeFiles/HelloWord-Keyboard-fw.elf.dir/Drivers/STM32F1xx_HAL_Driver/Src/stm32f1xx_hal_tim.c.obj
                0x08003224                HAL_TIM_PeriodElapsedCallback
 .text.HAL_TIM_OC_DelayElapsedCallback
                0x08003226        0x2 CMakeFiles/HelloWord-Keyboard-fw.elf.dir/Drivers/STM32F1xx_HAL_Driver/Src/stm32f1xx_hal_tim.c.obj
                0x08003226                HAL_TIM_OC_DelayElapsedCallback
 .text.HAL_TIM_IC_CaptureCallback
                0x08003228        0x2 CMakeFiles/HelloWord-Keyboard-fw.elf.dir/Drivers/STM32F1xx_HAL_Driver/Src/stm32f1xx_hal_tim.c.obj
                0x08003228                HAL_TIM_IC_CaptureCallback
 .text.HAL_TIM_PWM_PulseFinishedCallback
                0x0800322a        0x2 CMakeFiles/HelloWord-Keyboard-fw.elf.dir/Drivers/STM32F1xx_HAL_Driver/Src/stm32f1xx_hal_tim.c.obj
                0x0800322a                HAL_TIM_PWM_PulseFinishedCallback
 .text.HAL_TIM_TriggerCallback
                0x0800322c        0x2 CMakeFiles/HelloWord-Keyboard-fw.elf.dir/Drivers/STM32F1xx_HAL_Driver/Src/stm32f1xx_hal_tim.c.obj
                0x0800322c                HAL_TIM_TriggerCallback
 .text.HAL_TIM_IRQHandler
                0x0800322e      0x17a CMakeFiles/HelloWord-Keyboard-fw.elf.dir/Drivers/STM32F1xx_HAL_Driver/Src/stm32f1xx_hal_tim.c.obj
                0x0800322e                HAL_TIM_IRQHandler
 .text.TIM_Base_SetConfig
                0x080033a8       0x74 CMakeFiles/HelloWord-Keyboard-fw.elf.dir/Drivers/STM32F1xx_HAL_Driver/Src/stm32f1xx_hal_tim.c.obj
                0x080033a8                TIM_Base_SetConfig
 .text.HAL_TIM_Base_Init
                0x0800341c       0x58 CMakeFiles/HelloWord-Keyboard-fw.elf.dir/Drivers/STM32F1xx_HAL_Driver/Src/stm32f1xx_hal_tim.c.obj
                0x0800341c                HAL_TIM_Base_Init
 .text.TIM_ETR_SetConfig
                0x08003474       0x18 CMakeFiles/HelloWord-Keyboard-fw.elf.dir/Drivers/STM32F1xx_HAL_Driver/Src/stm32f1xx_hal_tim.c.obj
                0x08003474                TIM_ETR_SetConfig
 .text.HAL_TIM_ConfigClockSource
                0x0800348c       0xda CMakeFiles/HelloWord-Keyboard-fw.elf.dir/Drivers/STM32F1xx_HAL_Driver/Src/stm32f1xx_hal_tim.c.obj
                0x0800348c                HAL_TIM_ConfigClockSource
 *fill*         0x08003566        0x2 
 .text.HAL_TIMEx_MasterConfigSynchronization
                0x08003568       0x6c CMakeFiles/HelloWord-Keyboard-fw.elf.dir/Drivers/STM32F1xx_HAL_Driver/Src/stm32f1xx_hal_tim_ex.c.obj
                0x08003568                HAL_TIMEx_MasterConfigSynchronization
 .text.HAL_TIMEx_CommutCallback
                0x080035d4        0x2 CMakeFiles/HelloWord-Keyboard-fw.elf.dir/Drivers/STM32F1xx_HAL_Driver/Src/stm32f1xx_hal_tim_ex.c.obj
                0x080035d4                HAL_TIMEx_CommutCallback
 .text.HAL_TIMEx_BreakCallback
                0x080035d6        0x2 CMakeFiles/HelloWord-Keyboard-fw.elf.dir/Drivers/STM32F1xx_HAL_Driver/Src/stm32f1xx_hal_tim_ex.c.obj
                0x080035d6                HAL_TIMEx_BreakCallback
 .text.UART_SetConfig
                0x080035d8       0x94 CMakeFiles/HelloWord-Keyboard-fw.elf.dir/Drivers/STM32F1xx_HAL_Driver/Src/stm32f1xx_hal_uart.c.obj
 .text.HAL_UART_Init
                0x0800366c       0x5e CMakeFiles/HelloWord-Keyboard-fw.elf.dir/Drivers/STM32F1xx_HAL_Driver/Src/stm32f1xx_hal_uart.c.obj
                0x0800366c                HAL_UART_Init
 .text.USB_CoreInit
                0x080036ca        0xe CMakeFiles/HelloWord-Keyboard-fw.elf.dir/Drivers/STM32F1xx_HAL_Driver/Src/stm32f1xx_ll_usb.c.obj
                0x080036ca                USB_CoreInit
 .text.USB_EnableGlobalInt
                0x080036d8       0x12 CMakeFiles/HelloWord-Keyboard-fw.elf.dir/Drivers/STM32F1xx_HAL_Driver/Src/stm32f1xx_ll_usb.c.obj
                0x080036d8                USB_EnableGlobalInt
 .text.USB_DisableGlobalInt
                0x080036ea       0x14 CMakeFiles/HelloWord-Keyboard-fw.elf.dir/Drivers/STM32F1xx_HAL_Driver/Src/stm32f1xx_ll_usb.c.obj
                0x080036ea                USB_DisableGlobalInt
 .text.USB_SetCurrentMode
                0x080036fe        0x4 CMakeFiles/HelloWord-Keyboard-fw.elf.dir/Drivers/STM32F1xx_HAL_Driver/Src/stm32f1xx_ll_usb.c.obj
                0x080036fe                USB_SetCurrentMode
 .text.USB_DevInit
                0x08003702       0x22 CMakeFiles/HelloWord-Keyboard-fw.elf.dir/Drivers/STM32F1xx_HAL_Driver/Src/stm32f1xx_ll_usb.c.obj
                0x08003702                USB_DevInit
 .text.USB_ActivateEndpoint
                0x08003724      0x378 CMakeFiles/HelloWord-Keyboard-fw.elf.dir/Drivers/STM32F1xx_HAL_Driver/Src/stm32f1xx_ll_usb.c.obj
                0x08003724                USB_ActivateEndpoint
 .text.USB_DeactivateEndpoint
                0x08003a9c      0x1d6 CMakeFiles/HelloWord-Keyboard-fw.elf.dir/Drivers/STM32F1xx_HAL_Driver/Src/stm32f1xx_ll_usb.c.obj
                0x08003a9c                USB_DeactivateEndpoint
 .text.USB_EPSetStall
                0x08003c72       0x4a CMakeFiles/HelloWord-Keyboard-fw.elf.dir/Drivers/STM32F1xx_HAL_Driver/Src/stm32f1xx_ll_usb.c.obj
                0x08003c72                USB_EPSetStall
 .text.USB_EPClearStall
                0x08003cbc       0xa2 CMakeFiles/HelloWord-Keyboard-fw.elf.dir/Drivers/STM32F1xx_HAL_Driver/Src/stm32f1xx_ll_usb.c.obj
                0x08003cbc                USB_EPClearStall
 .text.USB_SetDevAddress
                0x08003d5e        0xc CMakeFiles/HelloWord-Keyboard-fw.elf.dir/Drivers/STM32F1xx_HAL_Driver/Src/stm32f1xx_ll_usb.c.obj
                0x08003d5e                USB_SetDevAddress
 .text.USB_DevConnect
                0x08003d6a        0x4 CMakeFiles/HelloWord-Keyboard-fw.elf.dir/Drivers/STM32F1xx_HAL_Driver/Src/stm32f1xx_ll_usb.c.obj
                0x08003d6a                USB_DevConnect
 .text.USB_DevDisconnect
                0x08003d6e        0x4 CMakeFiles/HelloWord-Keyboard-fw.elf.dir/Drivers/STM32F1xx_HAL_Driver/Src/stm32f1xx_ll_usb.c.obj
                0x08003d6e                USB_DevDisconnect
 .text.USB_ReadInterrupts
                0x08003d72        0x8 CMakeFiles/HelloWord-Keyboard-fw.elf.dir/Drivers/STM32F1xx_HAL_Driver/Src/stm32f1xx_ll_usb.c.obj
                0x08003d72                USB_ReadInterrupts
 .text.USB_EP0_OutStart
                0x08003d7a        0x4 CMakeFiles/HelloWord-Keyboard-fw.elf.dir/Drivers/STM32F1xx_HAL_Driver/Src/stm32f1xx_ll_usb.c.obj
                0x08003d7a                USB_EP0_OutStart
 .text.USB_WritePMA
                0x08003d7e       0x28 CMakeFiles/HelloWord-Keyboard-fw.elf.dir/Drivers/STM32F1xx_HAL_Driver/Src/stm32f1xx_ll_usb.c.obj
                0x08003d7e                USB_WritePMA
 .text.USB_EPStartXfer
                0x08003da6      0x8b2 CMakeFiles/HelloWord-Keyboard-fw.elf.dir/Drivers/STM32F1xx_HAL_Driver/Src/stm32f1xx_ll_usb.c.obj
                0x08003da6                USB_EPStartXfer
 .text.USB_ReadPMA
                0x08004658       0x30 CMakeFiles/HelloWord-Keyboard-fw.elf.dir/Drivers/STM32F1xx_HAL_Driver/Src/stm32f1xx_ll_usb.c.obj
                0x08004658                USB_ReadPMA
 .text.EEPROMReadBufferedByte
                0x08004688        0xc CMakeFiles/HelloWord-Keyboard-fw.elf.dir/HelloWord/Utils/Memory/random_flash_utils.cpp.obj
                0x08004688                EEPROMReadBufferedByte
 .text.EEPROMWriteBufferedByte
                0x08004694        0xc CMakeFiles/HelloWord-Keyboard-fw.elf.dir/HelloWord/Utils/Memory/random_flash_utils.cpp.obj
                0x08004694                EEPROMWriteBufferedByte
 .text.EEPROMFillBuffer
                0x080046a0       0x18 CMakeFiles/HelloWord-Keyboard-fw.elf.dir/HelloWord/Utils/Memory/random_flash_utils.cpp.obj
                0x080046a0                EEPROMFillBuffer
 .text.EEPROMBufferFlush
                0x080046b8       0x68 CMakeFiles/HelloWord-Keyboard-fw.elf.dir/HelloWord/Utils/Memory/random_flash_utils.cpp.obj
                0x080046b8                EEPROMBufferFlush
 .text._ZN10HWKeyboard13ScanKeyStatesEv
                0x08004720       0x84 CMakeFiles/HelloWord-Keyboard-fw.elf.dir/HelloWord/hw_keyboard.cpp.obj
                0x08004720                HWKeyboard::ScanKeyStates()
 .text._ZN10HWKeyboard19ApplyDebounceFilterEm
                0x080047a4       0x5a CMakeFiles/HelloWord-Keyboard-fw.elf.dir/HelloWord/hw_keyboard.cpp.obj
                0x080047a4                HWKeyboard::ApplyDebounceFilter(unsigned long)
 .text._ZN10HWKeyboard5RemapEh
                0x080047fe      0x11e CMakeFiles/HelloWord-Keyboard-fw.elf.dir/HelloWord/hw_keyboard.cpp.obj
                0x080047fe                HWKeyboard::Remap(unsigned char)
 .text._ZN10HWKeyboard9FnPressedEv
                0x0800491c        0xa CMakeFiles/HelloWord-Keyboard-fw.elf.dir/HelloWord/hw_keyboard.cpp.obj
                0x0800491c                HWKeyboard::FnPressed()
 .text._ZN10HWKeyboard16SetRgbBufferByIDEhNS_7Color_tEf
                0x08004926       0xcc CMakeFiles/HelloWord-Keyboard-fw.elf.dir/HelloWord/hw_keyboard.cpp.obj
                0x08004926                HWKeyboard::SetRgbBufferByID(unsigned char, HWKeyboard::Color_t, float)
 *fill*         0x080049f2        0x2 
 .text._ZN10HWKeyboard10SyncLightsEv
                0x080049f4       0x40 CMakeFiles/HelloWord-Keyboard-fw.elf.dir/HelloWord/hw_keyboard.cpp.obj
                0x080049f4                HWKeyboard::SyncLights()
 .text._ZN10HWKeyboard18GetHidReportBufferEh
                0x08004a34       0x26 CMakeFiles/HelloWord-Keyboard-fw.elf.dir/HelloWord/hw_keyboard.cpp.obj
                0x08004a34                HWKeyboard::GetHidReportBuffer(unsigned char)
 .text._ZN10HWKeyboard10KeyPressedENS_9KeyCode_tE
                0x08004a5a       0x4c CMakeFiles/HelloWord-Keyboard-fw.elf.dir/HelloWord/hw_keyboard.cpp.obj
                0x08004a5a                HWKeyboard::KeyPressed(HWKeyboard::KeyCode_t)
 .text._ZN10HWKeyboard5PressENS_9KeyCode_tE
                0x08004aa6       0x50 CMakeFiles/HelloWord-Keyboard-fw.elf.dir/HelloWord/hw_keyboard.cpp.obj
                0x08004aa6                HWKeyboard::Press(HWKeyboard::KeyCode_t)
 *fill*         0x08004af6        0x2 
 .text.USBD_CUSTOM_HID_GetFSCfgDesc
                0x08004af8        0xc CMakeFiles/HelloWord-Keyboard-fw.elf.dir/Middlewares/ST/STM32_USB_Device_Library/Class/CustomHID/Src/usbd_customhid.c.obj
 .text.USBD_CUSTOM_HID_GetHSCfgDesc
                0x08004b04        0xc CMakeFiles/HelloWord-Keyboard-fw.elf.dir/Middlewares/ST/STM32_USB_Device_Library/Class/CustomHID/Src/usbd_customhid.c.obj
 .text.USBD_CUSTOM_HID_GetOtherSpeedCfgDesc
                0x08004b10        0xc CMakeFiles/HelloWord-Keyboard-fw.elf.dir/Middlewares/ST/STM32_USB_Device_Library/Class/CustomHID/Src/usbd_customhid.c.obj
 .text.USBD_CUSTOM_HID_DataIn
                0x08004b1c        0xc CMakeFiles/HelloWord-Keyboard-fw.elf.dir/Middlewares/ST/STM32_USB_Device_Library/Class/CustomHID/Src/usbd_customhid.c.obj
 .text.USBD_CUSTOM_HID_EP0_RxReady
                0x08004b28       0x22 CMakeFiles/HelloWord-Keyboard-fw.elf.dir/Middlewares/ST/STM32_USB_Device_Library/Class/CustomHID/Src/usbd_customhid.c.obj
 *fill*         0x08004b4a        0x2 
 .text.USBD_CUSTOM_HID_GetDeviceQualifierDesc
                0x08004b4c        0xc CMakeFiles/HelloWord-Keyboard-fw.elf.dir/Middlewares/ST/STM32_USB_Device_Library/Class/CustomHID/Src/usbd_customhid.c.obj
 .text.USBD_CUSTOM_HID_DataOut
                0x08004b58       0x1e CMakeFiles/HelloWord-Keyboard-fw.elf.dir/Middlewares/ST/STM32_USB_Device_Library/Class/CustomHID/Src/usbd_customhid.c.obj
 *fill*         0x08004b76        0x2 
 .text.USBD_CUSTOM_HID_Setup
                0x08004b78      0x128 CMakeFiles/HelloWord-Keyboard-fw.elf.dir/Middlewares/ST/STM32_USB_Device_Library/Class/CustomHID/Src/usbd_customhid.c.obj
 .text.USBD_CUSTOM_HID_DeInit
                0x08004ca0       0x38 CMakeFiles/HelloWord-Keyboard-fw.elf.dir/Middlewares/ST/STM32_USB_Device_Library/Class/CustomHID/Src/usbd_customhid.c.obj
 .text.USBD_CUSTOM_HID_Init
                0x08004cd8       0x52 CMakeFiles/HelloWord-Keyboard-fw.elf.dir/Middlewares/ST/STM32_USB_Device_Library/Class/CustomHID/Src/usbd_customhid.c.obj
 .text.USBD_CUSTOM_HID_SendReport
                0x08004d2a       0x30 CMakeFiles/HelloWord-Keyboard-fw.elf.dir/Middlewares/ST/STM32_USB_Device_Library/Class/CustomHID/Src/usbd_customhid.c.obj
                0x08004d2a                USBD_CUSTOM_HID_SendReport
 .text.USBD_CUSTOM_HID_RegisterInterface
                0x08004d5a        0xe CMakeFiles/HelloWord-Keyboard-fw.elf.dir/Middlewares/ST/STM32_USB_Device_Library/Class/CustomHID/Src/usbd_customhid.c.obj
                0x08004d5a                USBD_CUSTOM_HID_RegisterInterface
 .text.USBD_Init
                0x08004d68       0x2e CMakeFiles/HelloWord-Keyboard-fw.elf.dir/Middlewares/ST/STM32_USB_Device_Library/Core/Src/usbd_core.c.obj
                0x08004d68                USBD_Init
 .text.USBD_RegisterClass
                0x08004d96        0xe CMakeFiles/HelloWord-Keyboard-fw.elf.dir/Middlewares/ST/STM32_USB_Device_Library/Core/Src/usbd_core.c.obj
                0x08004d96                USBD_RegisterClass
 .text.USBD_Start
                0x08004da4        0xa CMakeFiles/HelloWord-Keyboard-fw.elf.dir/Middlewares/ST/STM32_USB_Device_Library/Core/Src/usbd_core.c.obj
                0x08004da4                USBD_Start
 .text.USBD_SetClassConfig
                0x08004dae       0x18 CMakeFiles/HelloWord-Keyboard-fw.elf.dir/Middlewares/ST/STM32_USB_Device_Library/Core/Src/usbd_core.c.obj
                0x08004dae                USBD_SetClassConfig
 .text.USBD_ClrClassConfig
                0x08004dc6        0xe CMakeFiles/HelloWord-Keyboard-fw.elf.dir/Middlewares/ST/STM32_USB_Device_Library/Core/Src/usbd_core.c.obj
                0x08004dc6                USBD_ClrClassConfig
 .text.USBD_LL_SetupStage
                0x08004dd4       0x5a CMakeFiles/HelloWord-Keyboard-fw.elf.dir/Middlewares/ST/STM32_USB_Device_Library/Core/Src/usbd_core.c.obj
                0x08004dd4                USBD_LL_SetupStage
 .text.USBD_LL_DataOutStage
                0x08004e2e       0x8c CMakeFiles/HelloWord-Keyboard-fw.elf.dir/Middlewares/ST/STM32_USB_Device_Library/Core/Src/usbd_core.c.obj
                0x08004e2e                USBD_LL_DataOutStage
 .text.USBD_LL_DataInStage
                0x08004eba       0xd0 CMakeFiles/HelloWord-Keyboard-fw.elf.dir/Middlewares/ST/STM32_USB_Device_Library/Core/Src/usbd_core.c.obj
                0x08004eba                USBD_LL_DataInStage
 .text.USBD_LL_Reset
                0x08004f8a       0x50 CMakeFiles/HelloWord-Keyboard-fw.elf.dir/Middlewares/ST/STM32_USB_Device_Library/Core/Src/usbd_core.c.obj
                0x08004f8a                USBD_LL_Reset
 .text.USBD_LL_SetSpeed
                0x08004fda        0x6 CMakeFiles/HelloWord-Keyboard-fw.elf.dir/Middlewares/ST/STM32_USB_Device_Library/Core/Src/usbd_core.c.obj
                0x08004fda                USBD_LL_SetSpeed
 .text.USBD_LL_Suspend
                0x08004fe0       0x12 CMakeFiles/HelloWord-Keyboard-fw.elf.dir/Middlewares/ST/STM32_USB_Device_Library/Core/Src/usbd_core.c.obj
                0x08004fe0                USBD_LL_Suspend
 .text.USBD_LL_Resume
                0x08004ff2       0x16 CMakeFiles/HelloWord-Keyboard-fw.elf.dir/Middlewares/ST/STM32_USB_Device_Library/Core/Src/usbd_core.c.obj
                0x08004ff2                USBD_LL_Resume
 .text.USBD_LL_SOF
                0x08005008       0x1c CMakeFiles/HelloWord-Keyboard-fw.elf.dir/Middlewares/ST/STM32_USB_Device_Library/Core/Src/usbd_core.c.obj
                0x08005008                USBD_LL_SOF
 .text.USBD_GetLen
                0x08005024       0x14 CMakeFiles/HelloWord-Keyboard-fw.elf.dir/Middlewares/ST/STM32_USB_Device_Library/Core/Src/usbd_ctlreq.c.obj
 .text.USBD_SetFeature
                0x08005038       0x14 CMakeFiles/HelloWord-Keyboard-fw.elf.dir/Middlewares/ST/STM32_USB_Device_Library/Core/Src/usbd_ctlreq.c.obj
 .text.USBD_ParseSetupRequest
                0x0800504c       0x28 CMakeFiles/HelloWord-Keyboard-fw.elf.dir/Middlewares/ST/STM32_USB_Device_Library/Core/Src/usbd_ctlreq.c.obj
                0x0800504c                USBD_ParseSetupRequest
 .text.USBD_CtlError
                0x08005074       0x14 CMakeFiles/HelloWord-Keyboard-fw.elf.dir/Middlewares/ST/STM32_USB_Device_Library/Core/Src/usbd_ctlreq.c.obj
                0x08005074                USBD_CtlError
 .text.USBD_GetDescriptor
                0x08005088      0x186 CMakeFiles/HelloWord-Keyboard-fw.elf.dir/Middlewares/ST/STM32_USB_Device_Library/Core/Src/usbd_ctlreq.c.obj
 .text.USBD_SetAddress
                0x0800520e       0x4e CMakeFiles/HelloWord-Keyboard-fw.elf.dir/Middlewares/ST/STM32_USB_Device_Library/Core/Src/usbd_ctlreq.c.obj
 .text.USBD_SetConfig
                0x0800525c       0xb0 CMakeFiles/HelloWord-Keyboard-fw.elf.dir/Middlewares/ST/STM32_USB_Device_Library/Core/Src/usbd_ctlreq.c.obj
 .text.USBD_GetConfig
                0x0800530c       0x3e CMakeFiles/HelloWord-Keyboard-fw.elf.dir/Middlewares/ST/STM32_USB_Device_Library/Core/Src/usbd_ctlreq.c.obj
 .text.USBD_GetStatus
                0x0800534a       0x38 CMakeFiles/HelloWord-Keyboard-fw.elf.dir/Middlewares/ST/STM32_USB_Device_Library/Core/Src/usbd_ctlreq.c.obj
 .text.USBD_ClrFeature
                0x08005382       0x26 CMakeFiles/HelloWord-Keyboard-fw.elf.dir/Middlewares/ST/STM32_USB_Device_Library/Core/Src/usbd_ctlreq.c.obj
 .text.USBD_StdDevReq
                0x080053a8       0x68 CMakeFiles/HelloWord-Keyboard-fw.elf.dir/Middlewares/ST/STM32_USB_Device_Library/Core/Src/usbd_ctlreq.c.obj
                0x080053a8                USBD_StdDevReq
 .text.USBD_StdItfReq
                0x08005410       0x60 CMakeFiles/HelloWord-Keyboard-fw.elf.dir/Middlewares/ST/STM32_USB_Device_Library/Core/Src/usbd_ctlreq.c.obj
                0x08005410                USBD_StdItfReq
 .text.USBD_StdEPReq
                0x08005470      0x1e2 CMakeFiles/HelloWord-Keyboard-fw.elf.dir/Middlewares/ST/STM32_USB_Device_Library/Core/Src/usbd_ctlreq.c.obj
                0x08005470                USBD_StdEPReq
 .text.USBD_GetString
                0x08005652       0x3a CMakeFiles/HelloWord-Keyboard-fw.elf.dir/Middlewares/ST/STM32_USB_Device_Library/Core/Src/usbd_ctlreq.c.obj
                0x08005652                USBD_GetString
 .text.USBD_CtlSendData
                0x0800568c       0x1a CMakeFiles/HelloWord-Keyboard-fw.elf.dir/Middlewares/ST/STM32_USB_Device_Library/Core/Src/usbd_ioreq.c.obj
                0x0800568c                USBD_CtlSendData
 .text.USBD_CtlContinueSendData
                0x080056a6       0x10 CMakeFiles/HelloWord-Keyboard-fw.elf.dir/Middlewares/ST/STM32_USB_Device_Library/Core/Src/usbd_ioreq.c.obj
                0x080056a6                USBD_CtlContinueSendData
 .text.USBD_CtlPrepareRx
                0x080056b6       0x1e CMakeFiles/HelloWord-Keyboard-fw.elf.dir/Middlewares/ST/STM32_USB_Device_Library/Core/Src/usbd_ioreq.c.obj
                0x080056b6                USBD_CtlPrepareRx
 .text.USBD_CtlContinueRx
                0x080056d4       0x10 CMakeFiles/HelloWord-Keyboard-fw.elf.dir/Middlewares/ST/STM32_USB_Device_Library/Core/Src/usbd_ioreq.c.obj
                0x080056d4                USBD_CtlContinueRx
 .text.USBD_CtlSendStatus
                0x080056e4       0x16 CMakeFiles/HelloWord-Keyboard-fw.elf.dir/Middlewares/ST/STM32_USB_Device_Library/Core/Src/usbd_ioreq.c.obj
                0x080056e4                USBD_CtlSendStatus
 .text.USBD_CtlReceiveStatus
                0x080056fa       0x16 CMakeFiles/HelloWord-Keyboard-fw.elf.dir/Middlewares/ST/STM32_USB_Device_Library/Core/Src/usbd_ioreq.c.obj
                0x080056fa                USBD_CtlReceiveStatus
 .text.MX_USB_DEVICE_Init
                0x08005710       0x54 CMakeFiles/HelloWord-Keyboard-fw.elf.dir/USB_DEVICE/App/usb_device.c.obj
                0x08005710                MX_USB_DEVICE_Init
 .text.CUSTOM_HID_Init_FS
                0x08005764        0x4 CMakeFiles/HelloWord-Keyboard-fw.elf.dir/USB_DEVICE/App/usbd_custom_hid_if.c.obj
 .text.CUSTOM_HID_DeInit_FS
                0x08005768        0x4 CMakeFiles/HelloWord-Keyboard-fw.elf.dir/USB_DEVICE/App/usbd_custom_hid_if.c.obj
 .text.CUSTOM_HID_OutEvent_FS
                0x0800576c        0x4 CMakeFiles/HelloWord-Keyboard-fw.elf.dir/USB_DEVICE/App/usbd_custom_hid_if.c.obj
 .text.USBD_FS_DeviceDescriptor
                0x08005770        0xc CMakeFiles/HelloWord-Keyboard-fw.elf.dir/USB_DEVICE/App/usbd_desc.c.obj
                0x08005770                USBD_FS_DeviceDescriptor
 .text.USBD_FS_LangIDStrDescriptor
                0x0800577c        0xc CMakeFiles/HelloWord-Keyboard-fw.elf.dir/USB_DEVICE/App/usbd_desc.c.obj
                0x0800577c                USBD_FS_LangIDStrDescriptor
 .text.IntToUnicode
                0x08005788       0x46 CMakeFiles/HelloWord-Keyboard-fw.elf.dir/USB_DEVICE/App/usbd_desc.c.obj
 *fill*         0x080057ce        0x2 
 .text.Get_SerialNum
                0x080057d0       0x38 CMakeFiles/HelloWord-Keyboard-fw.elf.dir/USB_DEVICE/App/usbd_desc.c.obj
 .text.USBD_FS_SerialStrDescriptor
                0x08005808       0x14 CMakeFiles/HelloWord-Keyboard-fw.elf.dir/USB_DEVICE/App/usbd_desc.c.obj
                0x08005808                USBD_FS_SerialStrDescriptor
 .text.USBD_FS_ProductStrDescriptor
                0x0800581c       0x24 CMakeFiles/HelloWord-Keyboard-fw.elf.dir/USB_DEVICE/App/usbd_desc.c.obj
                0x0800581c                USBD_FS_ProductStrDescriptor
 .text.USBD_FS_ManufacturerStrDescriptor
                0x08005840       0x1c CMakeFiles/HelloWord-Keyboard-fw.elf.dir/USB_DEVICE/App/usbd_desc.c.obj
                0x08005840                USBD_FS_ManufacturerStrDescriptor
 .text.USBD_FS_ConfigStrDescriptor
                0x0800585c       0x24 CMakeFiles/HelloWord-Keyboard-fw.elf.dir/USB_DEVICE/App/usbd_desc.c.obj
                0x0800585c                USBD_FS_ConfigStrDescriptor
 .text.USBD_FS_InterfaceStrDescriptor
                0x08005880       0x24 CMakeFiles/HelloWord-Keyboard-fw.elf.dir/USB_DEVICE/App/usbd_desc.c.obj
                0x08005880                USBD_FS_InterfaceStrDescriptor
 .text.USBD_Get_USB_Status
                0x080058a4       0x14 CMakeFiles/HelloWord-Keyboard-fw.elf.dir/USB_DEVICE/Target/usbd_conf.c.obj
 .text.HAL_PCD_MspInit
                0x080058b8       0x40 CMakeFiles/HelloWord-Keyboard-fw.elf.dir/USB_DEVICE/Target/usbd_conf.c.obj
                0x080058b8                HAL_PCD_MspInit
 .text.HAL_PCD_SetupStageCallback
                0x080058f8       0x10 CMakeFiles/HelloWord-Keyboard-fw.elf.dir/USB_DEVICE/Target/usbd_conf.c.obj
                0x080058f8                HAL_PCD_SetupStageCallback
 .text.HAL_PCD_DataOutStageCallback
                0x08005908       0x18 CMakeFiles/HelloWord-Keyboard-fw.elf.dir/USB_DEVICE/Target/usbd_conf.c.obj
                0x08005908                HAL_PCD_DataOutStageCallback
 .text.HAL_PCD_DataInStageCallback
                0x08005920       0x16 CMakeFiles/HelloWord-Keyboard-fw.elf.dir/USB_DEVICE/Target/usbd_conf.c.obj
                0x08005920                HAL_PCD_DataInStageCallback
 .text.HAL_PCD_SOFCallback
                0x08005936        0xc CMakeFiles/HelloWord-Keyboard-fw.elf.dir/USB_DEVICE/Target/usbd_conf.c.obj
                0x08005936                HAL_PCD_SOFCallback
 .text.HAL_PCD_ResetCallback
                0x08005942       0x24 CMakeFiles/HelloWord-Keyboard-fw.elf.dir/USB_DEVICE/Target/usbd_conf.c.obj
                0x08005942                HAL_PCD_ResetCallback
 *fill*         0x08005966        0x2 
 .text.HAL_PCD_SuspendCallback
                0x08005968       0x20 CMakeFiles/HelloWord-Keyboard-fw.elf.dir/USB_DEVICE/Target/usbd_conf.c.obj
                0x08005968                HAL_PCD_SuspendCallback
 .text.HAL_PCD_ResumeCallback
                0x08005988        0xc CMakeFiles/HelloWord-Keyboard-fw.elf.dir/USB_DEVICE/Target/usbd_conf.c.obj
                0x08005988                HAL_PCD_ResumeCallback
 .text.USBD_LL_Init
                0x08005994       0x74 CMakeFiles/HelloWord-Keyboard-fw.elf.dir/USB_DEVICE/Target/usbd_conf.c.obj
                0x08005994                USBD_LL_Init
 .text.USBD_LL_Start
                0x08005a08       0x10 CMakeFiles/HelloWord-Keyboard-fw.elf.dir/USB_DEVICE/Target/usbd_conf.c.obj
                0x08005a08                USBD_LL_Start
 .text.USBD_LL_OpenEP
                0x08005a18       0x16 CMakeFiles/HelloWord-Keyboard-fw.elf.dir/USB_DEVICE/Target/usbd_conf.c.obj
                0x08005a18                USBD_LL_OpenEP
 .text.USBD_LL_CloseEP
                0x08005a2e       0x10 CMakeFiles/HelloWord-Keyboard-fw.elf.dir/USB_DEVICE/Target/usbd_conf.c.obj
                0x08005a2e                USBD_LL_CloseEP
 .text.USBD_LL_StallEP
                0x08005a3e       0x10 CMakeFiles/HelloWord-Keyboard-fw.elf.dir/USB_DEVICE/Target/usbd_conf.c.obj
                0x08005a3e                USBD_LL_StallEP
 .text.USBD_LL_ClearStallEP
                0x08005a4e       0x10 CMakeFiles/HelloWord-Keyboard-fw.elf.dir/USB_DEVICE/Target/usbd_conf.c.obj
                0x08005a4e                USBD_LL_ClearStallEP
 .text.USBD_LL_IsStallEP
                0x08005a5e       0x2e CMakeFiles/HelloWord-Keyboard-fw.elf.dir/USB_DEVICE/Target/usbd_conf.c.obj
                0x08005a5e                USBD_LL_IsStallEP
 .text.USBD_LL_SetUSBAddress
                0x08005a8c       0x10 CMakeFiles/HelloWord-Keyboard-fw.elf.dir/USB_DEVICE/Target/usbd_conf.c.obj
                0x08005a8c                USBD_LL_SetUSBAddress
 .text.USBD_LL_Transmit
                0x08005a9c       0x10 CMakeFiles/HelloWord-Keyboard-fw.elf.dir/USB_DEVICE/Target/usbd_conf.c.obj
                0x08005a9c                USBD_LL_Transmit
 .text.USBD_LL_PrepareReceive
                0x08005aac       0x10 CMakeFiles/HelloWord-Keyboard-fw.elf.dir/USB_DEVICE/Target/usbd_conf.c.obj
                0x08005aac                USBD_LL_PrepareReceive
 .text.USBD_static_malloc
                0x08005abc        0x8 CMakeFiles/HelloWord-Keyboard-fw.elf.dir/USB_DEVICE/Target/usbd_conf.c.obj
                0x08005abc                USBD_static_malloc
 .text.USBD_static_free
                0x08005ac4        0x2 CMakeFiles/HelloWord-Keyboard-fw.elf.dir/USB_DEVICE/Target/usbd_conf.c.obj
                0x08005ac4                USBD_static_free
 .text.HAL_PCDEx_SetConnectionState
                0x08005ac6        0x2 CMakeFiles/HelloWord-Keyboard-fw.elf.dir/USB_DEVICE/Target/usbd_conf.c.obj
                0x08005ac6                HAL_PCDEx_SetConnectionState
 .text._ZN10HWKeyboardC2EP19__SPI_HandleTypeDef
                0x08005ac8      0x7e8 CMakeFiles/HelloWord-Keyboard-fw.elf.dir/UserApp/main.cpp.obj
                0x08005ac8                HWKeyboard::HWKeyboard(__SPI_HandleTypeDef*)
                0x08005ac8                HWKeyboard::HWKeyboard(__SPI_HandleTypeDef*)
 .text._Z41__static_initialization_and_destruction_0ii
                0x080062b0       0x24 CMakeFiles/HelloWord-Keyboard-fw.elf.dir/UserApp/main.cpp.obj
 .text.Main     0x080062d4      0x13c CMakeFiles/HelloWord-Keyboard-fw.elf.dir/UserApp/main.cpp.obj
                0x080062d4                Main
 .text.OnTimerCallback
                0x08006410       0x68 CMakeFiles/HelloWord-Keyboard-fw.elf.dir/UserApp/main.cpp.obj
                0x08006410                OnTimerCallback
 .text.HAL_SPI_TxCpltCallback
                0x08006478       0x10 CMakeFiles/HelloWord-Keyboard-fw.elf.dir/UserApp/main.cpp.obj
                0x08006478                HAL_SPI_TxCpltCallback
 .text.HID_RxCpltCallback
                0x08006488        0x2 CMakeFiles/HelloWord-Keyboard-fw.elf.dir/UserApp/main.cpp.obj
                0x08006488                HID_RxCpltCallback
 .text._GLOBAL__sub_I_config
                0x0800648a        0xe CMakeFiles/HelloWord-Keyboard-fw.elf.dir/UserApp/main.cpp.obj
 .text.Reset_Handler
                0x08006498       0x48 CMakeFiles/HelloWord-Keyboard-fw.elf.dir/startup/startup_stm32f103xb.s.obj
                0x08006498                Reset_Handler
 .text.Default_Handler
                0x080064e0        0x2 CMakeFiles/HelloWord-Keyboard-fw.elf.dir/startup/startup_stm32f103xb.s.obj
                0x080064e0                RTC_Alarm_IRQHandler
                0x080064e0                EXTI2_IRQHandler
                0x080064e0                TIM1_CC_IRQHandler
                0x080064e0                PVD_IRQHandler
                0x080064e0                EXTI3_IRQHandler
                0x080064e0                EXTI0_IRQHandler
                0x080064e0                I2C2_EV_IRQHandler
                0x080064e0                ADC1_2_IRQHandler
                0x080064e0                TAMPER_IRQHandler
                0x080064e0                DMA1_Channel4_IRQHandler
                0x080064e0                USART3_IRQHandler
                0x080064e0                RTC_IRQHandler
                0x080064e0                DMA1_Channel7_IRQHandler
                0x080064e0                CAN1_RX1_IRQHandler
                0x080064e0                I2C1_EV_IRQHandler
                0x080064e0                DMA1_Channel6_IRQHandler
                0x080064e0                TIM3_IRQHandler
                0x080064e0                RCC_IRQHandler
                0x080064e0                TIM1_TRG_COM_IRQHandler
                0x080064e0                DMA1_Channel1_IRQHandler
                0x080064e0                Default_Handler
                0x080064e0                EXTI15_10_IRQHandler
                0x080064e0                EXTI9_5_IRQHandler
                0x080064e0                EXTI4_IRQHandler
                0x080064e0                USB_HP_CAN1_TX_IRQHandler
                0x080064e0                DMA1_Channel3_IRQHandler
                0x080064e0                TIM1_UP_IRQHandler
                0x080064e0                WWDG_IRQHandler
                0x080064e0                TIM2_IRQHandler
                0x080064e0                TIM1_BRK_IRQHandler
                0x080064e0                EXTI1_IRQHandler
                0x080064e0                USART2_IRQHandler
                0x080064e0                I2C2_ER_IRQHandler
                0x080064e0                CAN1_SCE_IRQHandler
                0x080064e0                FLASH_IRQHandler
                0x080064e0                USART1_IRQHandler
                0x080064e0                I2C1_ER_IRQHandler
                0x080064e0                USBWakeUp_IRQHandler
 *fill*         0x080064e2        0x2 
 .text.__libc_init_array
                0x080064e4       0x48 c:/progra~2/gnuarm~1/102021~1.10/bin/../lib/gcc/arm-none-eabi/10.3.1/../../../../arm-none-eabi/lib/thumb/v7-m/nofp\libg.a(lib_a-init.o)
                0x080064e4                __libc_init_array
 .text.memset   0x0800652c       0xa4 c:/progra~2/gnuarm~1/102021~1.10/bin/../lib/gcc/arm-none-eabi/10.3.1/../../../../arm-none-eabi/lib/thumb/v7-m/nofp\libg.a(lib_a-memset.o)
                0x0800652c                memset
 .text.startup.register_fini
                0x080065d0       0x14 c:/progra~2/gnuarm~1/102021~1.10/bin/../lib/gcc/arm-none-eabi/10.3.1/../../../../arm-none-eabi/lib/thumb/v7-m/nofp\libg.a(lib_a-__call_atexit.o)
 .text.atexit   0x080065e4        0xc c:/progra~2/gnuarm~1/102021~1.10/bin/../lib/gcc/arm-none-eabi/10.3.1/../../../../arm-none-eabi/lib/thumb/v7-m/nofp\libg.a(lib_a-atexit.o)
                0x080065e4                atexit
 .text.__libc_fini_array
                0x080065f0       0x2c c:/progra~2/gnuarm~1/102021~1.10/bin/../lib/gcc/arm-none-eabi/10.3.1/../../../../arm-none-eabi/lib/thumb/v7-m/nofp\libg.a(lib_a-fini.o)
                0x080065f0                __libc_fini_array
 .text.__retarget_lock_acquire_recursive
                0x0800661c        0x4 c:/progra~2/gnuarm~1/102021~1.10/bin/../lib/gcc/arm-none-eabi/10.3.1/../../../../arm-none-eabi/lib/thumb/v7-m/nofp\libg.a(lib_a-lock.o)
                0x0800661c                __retarget_lock_acquire_recursive
 .text.__retarget_lock_release_recursive
                0x08006620        0x4 c:/progra~2/gnuarm~1/102021~1.10/bin/../lib/gcc/arm-none-eabi/10.3.1/../../../../arm-none-eabi/lib/thumb/v7-m/nofp\libg.a(lib_a-lock.o)
                0x08006620                __retarget_lock_release_recursive
 .text.__register_exitproc
                0x08006624       0x8c c:/progra~2/gnuarm~1/102021~1.10/bin/../lib/gcc/arm-none-eabi/10.3.1/../../../../arm-none-eabi/lib/thumb/v7-m/nofp\libg.a(lib_a-__atexit.o)
                0x08006624                __register_exitproc
 *(.glue_7)
 .glue_7        0x080066b0        0x0 linker stubs
 *(.glue_7t)
 .glue_7t       0x080066b0        0x0 linker stubs
 *(.eh_frame)
 .eh_frame      0x080066b0        0x0 c:/progra~2/gnuarm~1/102021~1.10/bin/../lib/gcc/arm-none-eabi/10.3.1/thumb/v7-m/nofp/crtbegin.o
 *(.init)
 .init          0x080066b0        0x4 c:/progra~2/gnuarm~1/102021~1.10/bin/../lib/gcc/arm-none-eabi/10.3.1/thumb/v7-m/nofp/crti.o
                0x080066b0                _init
 .init          0x080066b4        0x8 c:/progra~2/gnuarm~1/102021~1.10/bin/../lib/gcc/arm-none-eabi/10.3.1/thumb/v7-m/nofp/crtn.o
 *(.fini)
 .fini          0x080066bc        0x4 c:/progra~2/gnuarm~1/102021~1.10/bin/../lib/gcc/arm-none-eabi/10.3.1/thumb/v7-m/nofp/crti.o
                0x080066bc                _fini
 .fini          0x080066c0        0x8 c:/progra~2/gnuarm~1/102021~1.10/bin/../lib/gcc/arm-none-eabi/10.3.1/thumb/v7-m/nofp/crtn.o
                0x080066c8                . = ALIGN (0x4)
                0x080066c8                _etext = .

.vfp11_veneer   0x080066c8        0x0
 .vfp11_veneer  0x080066c8        0x0 linker stubs

.v4_bx          0x080066c8        0x0
 .v4_bx         0x080066c8        0x0 linker stubs

.iplt           0x080066c8        0x0
 .iplt          0x080066c8        0x0 c:/progra~2/gnuarm~1/102021~1.10/bin/../lib/gcc/arm-none-eabi/10.3.1/thumb/v7-m/nofp/crtbegin.o

.rodata         0x080066c8       0x88
                0x080066c8                . = ALIGN (0x4)
 *(.rodata)
 .rodata        0x080066c8        0x4 CMakeFiles/HelloWord-Keyboard-fw.elf.dir/UserApp/main.cpp.obj
 *(.rodata*)
 .rodata.AHBPrescTable
                0x080066cc       0x10 CMakeFiles/HelloWord-Keyboard-fw.elf.dir/Core/Src/system_stm32f1xx.c.obj
                0x080066cc                AHBPrescTable
 .rodata.APBPrescTable
                0x080066dc        0x8 CMakeFiles/HelloWord-Keyboard-fw.elf.dir/Core/Src/system_stm32f1xx.c.obj
                0x080066dc                APBPrescTable
 .rodata.HAL_RCC_GetSysClockFreq.str1.4
                0x080066e4       0x11 CMakeFiles/HelloWord-Keyboard-fw.elf.dir/Drivers/STM32F1xx_HAL_Driver/Src/stm32f1xx_hal_rcc.c.obj
 *fill*         0x080066f5        0x3 
 .rodata.USBD_FS_ProductStrDescriptor.str1.4
                0x080066f8       0x19 CMakeFiles/HelloWord-Keyboard-fw.elf.dir/USB_DEVICE/App/usbd_desc.c.obj
 *fill*         0x08006711        0x3 
 .rodata.USBD_FS_ManufacturerStrDescriptor.str1.4
                0x08006714        0xb CMakeFiles/HelloWord-Keyboard-fw.elf.dir/USB_DEVICE/App/usbd_desc.c.obj
 *fill*         0x0800671f        0x1 
 .rodata.USBD_FS_ConfigStrDescriptor.str1.4
                0x08006720       0x12 CMakeFiles/HelloWord-Keyboard-fw.elf.dir/USB_DEVICE/App/usbd_desc.c.obj
 *fill*         0x08006732        0x2 
 .rodata.USBD_FS_InterfaceStrDescriptor.str1.4
                0x08006734       0x15 CMakeFiles/HelloWord-Keyboard-fw.elf.dir/USB_DEVICE/App/usbd_desc.c.obj
 *fill*         0x08006749        0x3 
 .rodata._global_impure_ptr
                0x0800674c        0x4 c:/progra~2/gnuarm~1/102021~1.10/bin/../lib/gcc/arm-none-eabi/10.3.1/../../../../arm-none-eabi/lib/thumb/v7-m/nofp\libg.a(lib_a-impure.o)
                0x0800674c                _global_impure_ptr
                0x08006750                . = ALIGN (0x4)

.rel.dyn        0x08006750        0x0
 .rel.iplt      0x08006750        0x0 c:/progra~2/gnuarm~1/102021~1.10/bin/../lib/gcc/arm-none-eabi/10.3.1/thumb/v7-m/nofp/crtbegin.o

.ARM.extab
 *(.ARM.extab* .gnu.linkonce.armextab.*)

.ARM            0x08006750        0x0
                0x08006750                __exidx_start = .
 *(.ARM.exidx*)
                0x08006750                __exidx_end = .

.preinit_array  0x08006750        0x0
                0x08006750                PROVIDE (__preinit_array_start = .)
 *(.preinit_array*)
                0x08006750                PROVIDE (__preinit_array_end = .)

.init_array     0x08006750        0xc
                0x08006750                PROVIDE (__init_array_start = .)
 *(SORT_BY_NAME(.init_array.*))
 .init_array.00000
                0x08006750        0x4 c:/progra~2/gnuarm~1/102021~1.10/bin/../lib/gcc/arm-none-eabi/10.3.1/../../../../arm-none-eabi/lib/thumb/v7-m/nofp\libg.a(lib_a-__call_atexit.o)
 *(.init_array*)
 .init_array    0x08006754        0x4 c:/progra~2/gnuarm~1/102021~1.10/bin/../lib/gcc/arm-none-eabi/10.3.1/thumb/v7-m/nofp/crtbegin.o
 .init_array    0x08006758        0x4 CMakeFiles/HelloWord-Keyboard-fw.elf.dir/UserApp/main.cpp.obj
                0x0800675c                PROVIDE (__init_array_end = .)

.fini_array     0x0800675c        0x4
                0x0800675c                PROVIDE (__fini_array_start = .)
 *(SORT_BY_NAME(.fini_array.*))
 *(.fini_array*)
 .fini_array    0x0800675c        0x4 c:/progra~2/gnuarm~1/102021~1.10/bin/../lib/gcc/arm-none-eabi/10.3.1/thumb/v7-m/nofp/crtbegin.o
                0x08006760                PROVIDE (__fini_array_end = .)
                0x08006760                _sidata = LOADADDR (.data)

.data           0x20000000      0x5d4 load address 0x08006760
                0x20000000                . = ALIGN (0x4)
                0x20000000                _sdata = .
 *(.data)
 *(.data*)
 .data.SystemCoreClock
                0x20000000        0x4 CMakeFiles/HelloWord-Keyboard-fw.elf.dir/Core/Src/system_stm32f1xx.c.obj
                0x20000000                SystemCoreClock
 .data.uwTickFreq
                0x20000004        0x1 CMakeFiles/HelloWord-Keyboard-fw.elf.dir/Drivers/STM32F1xx_HAL_Driver/Src/stm32f1xx_hal.c.obj
                0x20000004                uwTickFreq
 *fill*         0x20000005        0x3 
 .data.uwTickPrio
                0x20000008        0x4 CMakeFiles/HelloWord-Keyboard-fw.elf.dir/Drivers/STM32F1xx_HAL_Driver/Src/stm32f1xx_hal.c.obj
                0x20000008                uwTickPrio
 .data.USBD_CUSTOM_HID
                0x2000000c       0x38 CMakeFiles/HelloWord-Keyboard-fw.elf.dir/Middlewares/ST/STM32_USB_Device_Library/Class/CustomHID/Src/usbd_customhid.c.obj
                0x2000000c                USBD_CUSTOM_HID
 .data.USBD_CUSTOM_HID_CfgFSDesc
                0x20000044       0x29 CMakeFiles/HelloWord-Keyboard-fw.elf.dir/Middlewares/ST/STM32_USB_Device_Library/Class/CustomHID/Src/usbd_customhid.c.obj
 *fill*         0x2000006d        0x3 
 .data.USBD_CUSTOM_HID_CfgHSDesc
                0x20000070       0x29 CMakeFiles/HelloWord-Keyboard-fw.elf.dir/Middlewares/ST/STM32_USB_Device_Library/Class/CustomHID/Src/usbd_customhid.c.obj
 *fill*         0x20000099        0x3 
 .data.USBD_CUSTOM_HID_Desc
                0x2000009c        0x9 CMakeFiles/HelloWord-Keyboard-fw.elf.dir/Middlewares/ST/STM32_USB_Device_Library/Class/CustomHID/Src/usbd_customhid.c.obj
 *fill*         0x200000a5        0x3 
 .data.USBD_CUSTOM_HID_DeviceQualifierDesc
                0x200000a8        0xa CMakeFiles/HelloWord-Keyboard-fw.elf.dir/Middlewares/ST/STM32_USB_Device_Library/Class/CustomHID/Src/usbd_customhid.c.obj
 *fill*         0x200000b2        0x2 
 .data.USBD_CUSTOM_HID_OtherSpeedCfgDesc
                0x200000b4       0x29 CMakeFiles/HelloWord-Keyboard-fw.elf.dir/Middlewares/ST/STM32_USB_Device_Library/Class/CustomHID/Src/usbd_customhid.c.obj
 *fill*         0x200000dd        0x3 
 .data.CUSTOM_HID_ReportDesc_FS
                0x200000e0       0x59 CMakeFiles/HelloWord-Keyboard-fw.elf.dir/USB_DEVICE/App/usbd_custom_hid_if.c.obj
 *fill*         0x20000139        0x3 
 .data.USBD_CustomHID_fops_FS
                0x2000013c       0x10 CMakeFiles/HelloWord-Keyboard-fw.elf.dir/USB_DEVICE/App/usbd_custom_hid_if.c.obj
                0x2000013c                USBD_CustomHID_fops_FS
 .data.FS_Desc  0x2000014c       0x1c CMakeFiles/HelloWord-Keyboard-fw.elf.dir/USB_DEVICE/App/usbd_desc.c.obj
                0x2000014c                FS_Desc
 .data.USBD_FS_DeviceDesc
                0x20000168       0x12 CMakeFiles/HelloWord-Keyboard-fw.elf.dir/USB_DEVICE/App/usbd_desc.c.obj
                0x20000168                USBD_FS_DeviceDesc
 *fill*         0x2000017a        0x2 
 .data.USBD_LangIDDesc
                0x2000017c        0x4 CMakeFiles/HelloWord-Keyboard-fw.elf.dir/USB_DEVICE/App/usbd_desc.c.obj
                0x2000017c                USBD_LangIDDesc
 .data.USBD_StringSerial
                0x20000180       0x1a CMakeFiles/HelloWord-Keyboard-fw.elf.dir/USB_DEVICE/App/usbd_desc.c.obj
                0x20000180                USBD_StringSerial
 *fill*         0x2000019a        0x2 
 .data._ZZ4MainE1t
                0x2000019c        0x4 CMakeFiles/HelloWord-Keyboard-fw.elf.dir/UserApp/main.cpp.obj
 .data._ZZ4MainE7fadeDir
                0x200001a0        0x1 CMakeFiles/HelloWord-Keyboard-fw.elf.dir/UserApp/main.cpp.obj
 *fill*         0x200001a1        0x7 
 .data.impure_data
                0x200001a8      0x428 c:/progra~2/gnuarm~1/102021~1.10/bin/../lib/gcc/arm-none-eabi/10.3.1/../../../../arm-none-eabi/lib/thumb/v7-m/nofp\libg.a(lib_a-impure.o)
 .data.__atexit_recursive_mutex
                0x200005d0        0x4 c:/progra~2/gnuarm~1/102021~1.10/bin/../lib/gcc/arm-none-eabi/10.3.1/../../../../arm-none-eabi/lib/thumb/v7-m/nofp\libg.a(lib_a-__call_atexit.o)
                0x200005d0                __atexit_recursive_mutex
                0x200005d4                . = ALIGN (0x4)
                0x200005d4                _edata = .

.igot.plt       0x200005d4        0x0 load address 0x08006d34
 .igot.plt      0x200005d4        0x0 c:/progra~2/gnuarm~1/102021~1.10/bin/../lib/gcc/arm-none-eabi/10.3.1/thumb/v7-m/nofp/crtbegin.o
                0x200005d4                . = ALIGN (0x4)

.bss            0x200005d8     0x1c80 load address 0x08006d34
                0x200005d8                _sbss = .
                0x200005d8                __bss_start__ = _sbss
 *(.bss)
 .bss           0x200005d8       0x1c c:/progra~2/gnuarm~1/102021~1.10/bin/../lib/gcc/arm-none-eabi/10.3.1/thumb/v7-m/nofp/crtbegin.o
 *(.bss*)
 .bss.hdma_spi1_rx
                0x200005f4       0x44 CMakeFiles/HelloWord-Keyboard-fw.elf.dir/Core/Src/spi.c.obj
                0x200005f4                hdma_spi1_rx
 .bss.hdma_spi2_tx
                0x20000638       0x44 CMakeFiles/HelloWord-Keyboard-fw.elf.dir/Core/Src/spi.c.obj
                0x20000638                hdma_spi2_tx
 .bss.hspi1     0x2000067c       0x58 CMakeFiles/HelloWord-Keyboard-fw.elf.dir/Core/Src/spi.c.obj
                0x2000067c                hspi1
 .bss.hspi2     0x200006d4       0x58 CMakeFiles/HelloWord-Keyboard-fw.elf.dir/Core/Src/spi.c.obj
                0x200006d4                hspi2
 .bss.htim4     0x2000072c       0x48 CMakeFiles/HelloWord-Keyboard-fw.elf.dir/Core/Src/tim.c.obj
                0x2000072c                htim4
 .bss.huart1    0x20000774       0x44 CMakeFiles/HelloWord-Keyboard-fw.elf.dir/Core/Src/usart.c.obj
                0x20000774                huart1
 .bss.uwTick    0x200007b8        0x4 CMakeFiles/HelloWord-Keyboard-fw.elf.dir/Drivers/STM32F1xx_HAL_Driver/Src/stm32f1xx_hal.c.obj
                0x200007b8                uwTick
 *fill*         0x200007bc        0x4 
 .bss.pFlash    0x200007c0       0x20 CMakeFiles/HelloWord-Keyboard-fw.elf.dir/Drivers/STM32F1xx_HAL_Driver/Src/stm32f1xx_hal_flash.c.obj
                0x200007c0                pFlash
 .bss._ZL12eepromBuffer
                0x200007e0      0x400 CMakeFiles/HelloWord-Keyboard-fw.elf.dir/HelloWord/Utils/Memory/random_flash_utils.cpp.obj
 .bss.cfgidx.0  0x20000be0        0x1 CMakeFiles/HelloWord-Keyboard-fw.elf.dir/Middlewares/ST/STM32_USB_Device_Library/Core/Src/usbd_ctlreq.c.obj
 *fill*         0x20000be1        0x3 
 .bss.hUsbDeviceFS
                0x20000be4      0x2c4 CMakeFiles/HelloWord-Keyboard-fw.elf.dir/USB_DEVICE/App/usb_device.c.obj
                0x20000be4                hUsbDeviceFS
 .bss.USBD_StrDesc
                0x20000ea8      0x200 CMakeFiles/HelloWord-Keyboard-fw.elf.dir/USB_DEVICE/App/usbd_desc.c.obj
                0x20000ea8                USBD_StrDesc
 .bss.hpcd_USB_FS
                0x200010a8      0x2ec CMakeFiles/HelloWord-Keyboard-fw.elf.dir/USB_DEVICE/Target/usbd_conf.c.obj
                0x200010a8                hpcd_USB_FS
 .bss.mem.0     0x20001394       0x58 CMakeFiles/HelloWord-Keyboard-fw.elf.dir/USB_DEVICE/Target/usbd_conf.c.obj
 *fill*         0x200013ec        0x4 
 .bss.config    0x200013f0       0x90 CMakeFiles/HelloWord-Keyboard-fw.elf.dir/UserApp/main.cpp.obj
                0x200013f0                config
 .bss.keyboard  0x20001480      0xdd4 CMakeFiles/HelloWord-Keyboard-fw.elf.dir/UserApp/main.cpp.obj
                0x20001480                keyboard
 .bss.__lock___atexit_recursive_mutex
                0x20002254        0x1 c:/progra~2/gnuarm~1/102021~1.10/bin/../lib/gcc/arm-none-eabi/10.3.1/../../../../arm-none-eabi/lib/thumb/v7-m/nofp\libg.a(lib_a-lock.o)
                0x20002254                __lock___atexit_recursive_mutex
 *(COMMON)
                0x20002258                . = ALIGN (0x4)
 *fill*         0x20002255        0x3 
                0x20002258                _ebss = .
                0x20002258                __bss_end__ = _ebss

._user_heap_stack
                0x20002258      0xa00 load address 0x08006d34
                0x20002258                . = ALIGN (0x8)
                0x20002258                PROVIDE (end = .)
                [!provide]                PROVIDE (_end = .)
                0x20002458                . = (. + _Min_Heap_Size)
 *fill*         0x20002258      0x200 
                0x20002c58                . = (. + _Min_Stack_Size)
 *fill*         0x20002458      0x800 
                0x20002c58                . = ALIGN (0x8)

/DISCARD/
 libc.a(*)
 libm.a(*)
 libgcc.a(*)

.ARM.attributes
                0x00000000       0x29
 *(.ARM.attributes)
 .ARM.attributes
                0x00000000       0x1d c:/progra~2/gnuarm~1/102021~1.10/bin/../lib/gcc/arm-none-eabi/10.3.1/thumb/v7-m/nofp/crti.o
 .ARM.attributes
                0x0000001d       0x2d c:/progra~2/gnuarm~1/102021~1.10/bin/../lib/gcc/arm-none-eabi/10.3.1/thumb/v7-m/nofp/crtbegin.o
 .ARM.attributes
                0x0000004a       0x2d CMakeFiles/HelloWord-Keyboard-fw.elf.dir/Core/Src/dma.c.obj
 .ARM.attributes
                0x00000077       0x2d CMakeFiles/HelloWord-Keyboard-fw.elf.dir/Core/Src/gpio.c.obj
 .ARM.attributes
                0x000000a4       0x2d CMakeFiles/HelloWord-Keyboard-fw.elf.dir/Core/Src/main.c.obj
 .ARM.attributes
                0x000000d1       0x2d CMakeFiles/HelloWord-Keyboard-fw.elf.dir/Core/Src/spi.c.obj
 .ARM.attributes
                0x000000fe       0x2d CMakeFiles/HelloWord-Keyboard-fw.elf.dir/Core/Src/stm32f1xx_hal_msp.c.obj
 .ARM.attributes
                0x0000012b       0x2d CMakeFiles/HelloWord-Keyboard-fw.elf.dir/Core/Src/stm32f1xx_it.c.obj
 .ARM.attributes
                0x00000158       0x2d CMakeFiles/HelloWord-Keyboard-fw.elf.dir/Core/Src/system_stm32f1xx.c.obj
 .ARM.attributes
                0x00000185       0x2d CMakeFiles/HelloWord-Keyboard-fw.elf.dir/Core/Src/tim.c.obj
 .ARM.attributes
                0x000001b2       0x2d CMakeFiles/HelloWord-Keyboard-fw.elf.dir/Core/Src/usart.c.obj
 .ARM.attributes
                0x000001df       0x2d CMakeFiles/HelloWord-Keyboard-fw.elf.dir/Drivers/STM32F1xx_HAL_Driver/Src/stm32f1xx_hal.c.obj
 .ARM.attributes
                0x0000020c       0x2d CMakeFiles/HelloWord-Keyboard-fw.elf.dir/Drivers/STM32F1xx_HAL_Driver/Src/stm32f1xx_hal_cortex.c.obj
 .ARM.attributes
                0x00000239       0x2d CMakeFiles/HelloWord-Keyboard-fw.elf.dir/Drivers/STM32F1xx_HAL_Driver/Src/stm32f1xx_hal_dma.c.obj
 .ARM.attributes
                0x00000266       0x2d CMakeFiles/HelloWord-Keyboard-fw.elf.dir/Drivers/STM32F1xx_HAL_Driver/Src/stm32f1xx_hal_flash.c.obj
 .ARM.attributes
                0x00000293       0x2d CMakeFiles/HelloWord-Keyboard-fw.elf.dir/Drivers/STM32F1xx_HAL_Driver/Src/stm32f1xx_hal_flash_ex.c.obj
 .ARM.attributes
                0x000002c0       0x2d CMakeFiles/HelloWord-Keyboard-fw.elf.dir/Drivers/STM32F1xx_HAL_Driver/Src/stm32f1xx_hal_gpio.c.obj
 .ARM.attributes
                0x000002ed       0x2d CMakeFiles/HelloWord-Keyboard-fw.elf.dir/Drivers/STM32F1xx_HAL_Driver/Src/stm32f1xx_hal_pcd.c.obj
 .ARM.attributes
                0x0000031a       0x2d CMakeFiles/HelloWord-Keyboard-fw.elf.dir/Drivers/STM32F1xx_HAL_Driver/Src/stm32f1xx_hal_pcd_ex.c.obj
 .ARM.attributes
                0x00000347       0x2d CMakeFiles/HelloWord-Keyboard-fw.elf.dir/Drivers/STM32F1xx_HAL_Driver/Src/stm32f1xx_hal_rcc.c.obj
 .ARM.attributes
                0x00000374       0x2d CMakeFiles/HelloWord-Keyboard-fw.elf.dir/Drivers/STM32F1xx_HAL_Driver/Src/stm32f1xx_hal_rcc_ex.c.obj
 .ARM.attributes
                0x000003a1       0x2d CMakeFiles/HelloWord-Keyboard-fw.elf.dir/Drivers/STM32F1xx_HAL_Driver/Src/stm32f1xx_hal_spi.c.obj
 .ARM.attributes
                0x000003ce       0x2d CMakeFiles/HelloWord-Keyboard-fw.elf.dir/Drivers/STM32F1xx_HAL_Driver/Src/stm32f1xx_hal_tim.c.obj
 .ARM.attributes
                0x000003fb       0x2d CMakeFiles/HelloWord-Keyboard-fw.elf.dir/Drivers/STM32F1xx_HAL_Driver/Src/stm32f1xx_hal_tim_ex.c.obj
 .ARM.attributes
                0x00000428       0x2d CMakeFiles/HelloWord-Keyboard-fw.elf.dir/Drivers/STM32F1xx_HAL_Driver/Src/stm32f1xx_hal_uart.c.obj
 .ARM.attributes
                0x00000455       0x2d CMakeFiles/HelloWord-Keyboard-fw.elf.dir/Drivers/STM32F1xx_HAL_Driver/Src/stm32f1xx_ll_usb.c.obj
 .ARM.attributes
                0x00000482       0x2d CMakeFiles/HelloWord-Keyboard-fw.elf.dir/HelloWord/Utils/Memory/random_flash_utils.cpp.obj
 .ARM.attributes
                0x000004af       0x2d CMakeFiles/HelloWord-Keyboard-fw.elf.dir/HelloWord/hw_keyboard.cpp.obj
 .ARM.attributes
                0x000004dc       0x2d CMakeFiles/HelloWord-Keyboard-fw.elf.dir/Middlewares/ST/STM32_USB_Device_Library/Class/CustomHID/Src/usbd_customhid.c.obj
 .ARM.attributes
                0x00000509       0x2d CMakeFiles/HelloWord-Keyboard-fw.elf.dir/Middlewares/ST/STM32_USB_Device_Library/Core/Src/usbd_core.c.obj
 .ARM.attributes
                0x00000536       0x2d CMakeFiles/HelloWord-Keyboard-fw.elf.dir/Middlewares/ST/STM32_USB_Device_Library/Core/Src/usbd_ctlreq.c.obj
 .ARM.attributes
                0x00000563       0x2d CMakeFiles/HelloWord-Keyboard-fw.elf.dir/Middlewares/ST/STM32_USB_Device_Library/Core/Src/usbd_ioreq.c.obj
 .ARM.attributes
                0x00000590       0x2d CMakeFiles/HelloWord-Keyboard-fw.elf.dir/USB_DEVICE/App/usb_device.c.obj
 .ARM.attributes
                0x000005bd       0x2d CMakeFiles/HelloWord-Keyboard-fw.elf.dir/USB_DEVICE/App/usbd_custom_hid_if.c.obj
 .ARM.attributes
                0x000005ea       0x2d CMakeFiles/HelloWord-Keyboard-fw.elf.dir/USB_DEVICE/App/usbd_desc.c.obj
 .ARM.attributes
                0x00000617       0x2d CMakeFiles/HelloWord-Keyboard-fw.elf.dir/USB_DEVICE/Target/usbd_conf.c.obj
 .ARM.attributes
                0x00000644       0x2d CMakeFiles/HelloWord-Keyboard-fw.elf.dir/UserApp/main.cpp.obj
 .ARM.attributes
                0x00000671       0x21 CMakeFiles/HelloWord-Keyboard-fw.elf.dir/startup/startup_stm32f103xb.s.obj
 .ARM.attributes
                0x00000692       0x1d c:/progra~2/gnuarm~1/102021~1.10/bin/../lib/gcc/arm-none-eabi/10.3.1/thumb/v7-m/nofp\libgcc.a(_arm_mulsf3.o)
 .ARM.attributes
                0x000006af       0x1d c:/progra~2/gnuarm~1/102021~1.10/bin/../lib/gcc/arm-none-eabi/10.3.1/thumb/v7-m/nofp\libgcc.a(_arm_addsubsf3.o)
 .ARM.attributes
                0x000006cc       0x1d c:/progra~2/gnuarm~1/102021~1.10/bin/../lib/gcc/arm-none-eabi/10.3.1/thumb/v7-m/nofp\libgcc.a(_arm_fixunssfsi.o)
 .ARM.attributes
                0x000006e9       0x2d c:/progra~2/gnuarm~1/102021~1.10/bin/../lib/gcc/arm-none-eabi/10.3.1/../../../../arm-none-eabi/lib/thumb/v7-m/nofp\libg.a(lib_a-impure.o)
 .ARM.attributes
                0x00000716       0x2d c:/progra~2/gnuarm~1/102021~1.10/bin/../lib/gcc/arm-none-eabi/10.3.1/../../../../arm-none-eabi/lib/thumb/v7-m/nofp\libg.a(lib_a-init.o)
 .ARM.attributes
                0x00000743       0x1b c:/progra~2/gnuarm~1/102021~1.10/bin/../lib/gcc/arm-none-eabi/10.3.1/../../../../arm-none-eabi/lib/thumb/v7-m/nofp\libg.a(lib_a-memcpy.o)
 .ARM.attributes
                0x0000075e       0x2d c:/progra~2/gnuarm~1/102021~1.10/bin/../lib/gcc/arm-none-eabi/10.3.1/../../../../arm-none-eabi/lib/thumb/v7-m/nofp\libg.a(lib_a-memset.o)
 .ARM.attributes
                0x0000078b       0x2d c:/progra~2/gnuarm~1/102021~1.10/bin/../lib/gcc/arm-none-eabi/10.3.1/../../../../arm-none-eabi/lib/thumb/v7-m/nofp\libg.a(lib_a-__call_atexit.o)
 .ARM.attributes
                0x000007b8       0x2d c:/progra~2/gnuarm~1/102021~1.10/bin/../lib/gcc/arm-none-eabi/10.3.1/../../../../arm-none-eabi/lib/thumb/v7-m/nofp\libg.a(lib_a-atexit.o)
 .ARM.attributes
                0x000007e5       0x2d c:/progra~2/gnuarm~1/102021~1.10/bin/../lib/gcc/arm-none-eabi/10.3.1/../../../../arm-none-eabi/lib/thumb/v7-m/nofp\libg.a(lib_a-fini.o)
 .ARM.attributes
                0x00000812       0x2d c:/progra~2/gnuarm~1/102021~1.10/bin/../lib/gcc/arm-none-eabi/10.3.1/../../../../arm-none-eabi/lib/thumb/v7-m/nofp\libg.a(lib_a-lock.o)
 .ARM.attributes
                0x0000083f       0x2d c:/progra~2/gnuarm~1/102021~1.10/bin/../lib/gcc/arm-none-eabi/10.3.1/../../../../arm-none-eabi/lib/thumb/v7-m/nofp\libg.a(lib_a-__atexit.o)
 .ARM.attributes
                0x0000086c       0x1d c:/progra~2/gnuarm~1/102021~1.10/bin/../lib/gcc/arm-none-eabi/10.3.1/thumb/v7-m/nofp/crtn.o
OUTPUT(HelloWord-Keyboard-fw.elf elf32-littlearm)
LOAD linker stubs
LOAD c:/progra~2/gnuarm~1/102021~1.10/bin/../lib/gcc/arm-none-eabi/10.3.1/../../../../arm-none-eabi/lib/thumb/v7-m/nofp\libc.a
LOAD c:/progra~2/gnuarm~1/102021~1.10/bin/../lib/gcc/arm-none-eabi/10.3.1/../../../../arm-none-eabi/lib/thumb/v7-m/nofp\libm.a
LOAD c:/progra~2/gnuarm~1/102021~1.10/bin/../lib/gcc/arm-none-eabi/10.3.1/thumb/v7-m/nofp\libgcc.a

.debug_info     0x00000000    0x1e842
 .debug_info    0x00000000      0x324 CMakeFiles/HelloWord-Keyboard-fw.elf.dir/Core/Src/dma.c.obj
 .debug_info    0x00000324      0x3db CMakeFiles/HelloWord-Keyboard-fw.elf.dir/Core/Src/gpio.c.obj
 .debug_info    0x000006ff      0x43f CMakeFiles/HelloWord-Keyboard-fw.elf.dir/Core/Src/main.c.obj
 .debug_info    0x00000b3e      0xbc3 CMakeFiles/HelloWord-Keyboard-fw.elf.dir/Core/Src/spi.c.obj
 .debug_info    0x00001701      0x211 CMakeFiles/HelloWord-Keyboard-fw.elf.dir/Core/Src/stm32f1xx_hal_msp.c.obj
 .debug_info    0x00001912      0xf52 CMakeFiles/HelloWord-Keyboard-fw.elf.dir/Core/Src/stm32f1xx_it.c.obj
 .debug_info    0x00002864      0x248 CMakeFiles/HelloWord-Keyboard-fw.elf.dir/Core/Src/system_stm32f1xx.c.obj
 .debug_info    0x00002aac      0xa57 CMakeFiles/HelloWord-Keyboard-fw.elf.dir/Core/Src/tim.c.obj
 .debug_info    0x00003503      0x827 CMakeFiles/HelloWord-Keyboard-fw.elf.dir/Core/Src/usart.c.obj
 .debug_info    0x00003d2a      0x7a8 CMakeFiles/HelloWord-Keyboard-fw.elf.dir/Drivers/STM32F1xx_HAL_Driver/Src/stm32f1xx_hal.c.obj
 .debug_info    0x000044d2      0xd8a CMakeFiles/HelloWord-Keyboard-fw.elf.dir/Drivers/STM32F1xx_HAL_Driver/Src/stm32f1xx_hal_cortex.c.obj
 .debug_info    0x0000525c      0x846 CMakeFiles/HelloWord-Keyboard-fw.elf.dir/Drivers/STM32F1xx_HAL_Driver/Src/stm32f1xx_hal_dma.c.obj
 .debug_info    0x00005aa2      0x698 CMakeFiles/HelloWord-Keyboard-fw.elf.dir/Drivers/STM32F1xx_HAL_Driver/Src/stm32f1xx_hal_flash.c.obj
 .debug_info    0x0000613a      0xafa CMakeFiles/HelloWord-Keyboard-fw.elf.dir/Drivers/STM32F1xx_HAL_Driver/Src/stm32f1xx_hal_flash_ex.c.obj
 .debug_info    0x00006c34      0x66f CMakeFiles/HelloWord-Keyboard-fw.elf.dir/Drivers/STM32F1xx_HAL_Driver/Src/stm32f1xx_hal_gpio.c.obj
 .debug_info    0x000072a3     0x1b27 CMakeFiles/HelloWord-Keyboard-fw.elf.dir/Drivers/STM32F1xx_HAL_Driver/Src/stm32f1xx_hal_pcd.c.obj
 .debug_info    0x00008dca      0x737 CMakeFiles/HelloWord-Keyboard-fw.elf.dir/Drivers/STM32F1xx_HAL_Driver/Src/stm32f1xx_hal_pcd_ex.c.obj
 .debug_info    0x00009501      0xa36 CMakeFiles/HelloWord-Keyboard-fw.elf.dir/Drivers/STM32F1xx_HAL_Driver/Src/stm32f1xx_hal_rcc.c.obj
 .debug_info    0x00009f37      0x443 CMakeFiles/HelloWord-Keyboard-fw.elf.dir/Drivers/STM32F1xx_HAL_Driver/Src/stm32f1xx_hal_rcc_ex.c.obj
 .debug_info    0x0000a37a     0x1d70 CMakeFiles/HelloWord-Keyboard-fw.elf.dir/Drivers/STM32F1xx_HAL_Driver/Src/stm32f1xx_hal_spi.c.obj
 .debug_info    0x0000c0ea     0x3b00 CMakeFiles/HelloWord-Keyboard-fw.elf.dir/Drivers/STM32F1xx_HAL_Driver/Src/stm32f1xx_hal_tim.c.obj
 .debug_info    0x0000fbea     0x19e9 CMakeFiles/HelloWord-Keyboard-fw.elf.dir/Drivers/STM32F1xx_HAL_Driver/Src/stm32f1xx_hal_tim_ex.c.obj
 .debug_info    0x000115d3     0x1c8b CMakeFiles/HelloWord-Keyboard-fw.elf.dir/Drivers/STM32F1xx_HAL_Driver/Src/stm32f1xx_hal_uart.c.obj
 .debug_info    0x0001325e     0x1cb2 CMakeFiles/HelloWord-Keyboard-fw.elf.dir/Drivers/STM32F1xx_HAL_Driver/Src/stm32f1xx_ll_usb.c.obj
 .debug_info    0x00014f10      0x5f4 CMakeFiles/HelloWord-Keyboard-fw.elf.dir/HelloWord/Utils/Memory/random_flash_utils.cpp.obj
 .debug_info    0x00015504     0x1311 CMakeFiles/HelloWord-Keyboard-fw.elf.dir/HelloWord/hw_keyboard.cpp.obj
 .debug_info    0x00016815      0xcf0 CMakeFiles/HelloWord-Keyboard-fw.elf.dir/Middlewares/ST/STM32_USB_Device_Library/Class/CustomHID/Src/usbd_customhid.c.obj
 .debug_info    0x00017505      0xd74 CMakeFiles/HelloWord-Keyboard-fw.elf.dir/Middlewares/ST/STM32_USB_Device_Library/Core/Src/usbd_core.c.obj
 .debug_info    0x00018279     0x1078 CMakeFiles/HelloWord-Keyboard-fw.elf.dir/Middlewares/ST/STM32_USB_Device_Library/Core/Src/usbd_ctlreq.c.obj
 .debug_info    0x000192f1      0x7e9 CMakeFiles/HelloWord-Keyboard-fw.elf.dir/Middlewares/ST/STM32_USB_Device_Library/Core/Src/usbd_ioreq.c.obj
 .debug_info    0x00019ada      0x692 CMakeFiles/HelloWord-Keyboard-fw.elf.dir/USB_DEVICE/App/usb_device.c.obj
 .debug_info    0x0001a16c      0x1ea CMakeFiles/HelloWord-Keyboard-fw.elf.dir/USB_DEVICE/App/usbd_custom_hid_if.c.obj
 .debug_info    0x0001a356      0x5eb CMakeFiles/HelloWord-Keyboard-fw.elf.dir/USB_DEVICE/App/usbd_desc.c.obj
 .debug_info    0x0001a941     0x1b4f CMakeFiles/HelloWord-Keyboard-fw.elf.dir/USB_DEVICE/Target/usbd_conf.c.obj
 .debug_info    0x0001c490     0x2390 CMakeFiles/HelloWord-Keyboard-fw.elf.dir/UserApp/main.cpp.obj
 .debug_info    0x0001e820       0x22 CMakeFiles/HelloWord-Keyboard-fw.elf.dir/startup/startup_stm32f103xb.s.obj

.debug_abbrev   0x00000000     0x4be3
 .debug_abbrev  0x00000000      0x114 CMakeFiles/HelloWord-Keyboard-fw.elf.dir/Core/Src/dma.c.obj
 .debug_abbrev  0x00000114      0x14f CMakeFiles/HelloWord-Keyboard-fw.elf.dir/Core/Src/gpio.c.obj
 .debug_abbrev  0x00000263      0x182 CMakeFiles/HelloWord-Keyboard-fw.elf.dir/Core/Src/main.c.obj
 .debug_abbrev  0x000003e5      0x1dd CMakeFiles/HelloWord-Keyboard-fw.elf.dir/Core/Src/spi.c.obj
 .debug_abbrev  0x000005c2       0xe5 CMakeFiles/HelloWord-Keyboard-fw.elf.dir/Core/Src/stm32f1xx_hal_msp.c.obj
 .debug_abbrev  0x000006a7      0x1d9 CMakeFiles/HelloWord-Keyboard-fw.elf.dir/Core/Src/stm32f1xx_it.c.obj
 .debug_abbrev  0x00000880      0x13e CMakeFiles/HelloWord-Keyboard-fw.elf.dir/Core/Src/system_stm32f1xx.c.obj
 .debug_abbrev  0x000009be      0x1de CMakeFiles/HelloWord-Keyboard-fw.elf.dir/Core/Src/tim.c.obj
 .debug_abbrev  0x00000b9c      0x1c1 CMakeFiles/HelloWord-Keyboard-fw.elf.dir/Core/Src/usart.c.obj
 .debug_abbrev  0x00000d5d      0x1f4 CMakeFiles/HelloWord-Keyboard-fw.elf.dir/Drivers/STM32F1xx_HAL_Driver/Src/stm32f1xx_hal.c.obj
 .debug_abbrev  0x00000f51      0x341 CMakeFiles/HelloWord-Keyboard-fw.elf.dir/Drivers/STM32F1xx_HAL_Driver/Src/stm32f1xx_hal_cortex.c.obj
 .debug_abbrev  0x00001292      0x223 CMakeFiles/HelloWord-Keyboard-fw.elf.dir/Drivers/STM32F1xx_HAL_Driver/Src/stm32f1xx_hal_dma.c.obj
 .debug_abbrev  0x000014b5      0x22d CMakeFiles/HelloWord-Keyboard-fw.elf.dir/Drivers/STM32F1xx_HAL_Driver/Src/stm32f1xx_hal_flash.c.obj
 .debug_abbrev  0x000016e2      0x234 CMakeFiles/HelloWord-Keyboard-fw.elf.dir/Drivers/STM32F1xx_HAL_Driver/Src/stm32f1xx_hal_flash_ex.c.obj
 .debug_abbrev  0x00001916      0x1e6 CMakeFiles/HelloWord-Keyboard-fw.elf.dir/Drivers/STM32F1xx_HAL_Driver/Src/stm32f1xx_hal_gpio.c.obj
 .debug_abbrev  0x00001afc      0x2bd CMakeFiles/HelloWord-Keyboard-fw.elf.dir/Drivers/STM32F1xx_HAL_Driver/Src/stm32f1xx_hal_pcd.c.obj
 .debug_abbrev  0x00001db9      0x193 CMakeFiles/HelloWord-Keyboard-fw.elf.dir/Drivers/STM32F1xx_HAL_Driver/Src/stm32f1xx_hal_pcd_ex.c.obj
 .debug_abbrev  0x00001f4c      0x27a CMakeFiles/HelloWord-Keyboard-fw.elf.dir/Drivers/STM32F1xx_HAL_Driver/Src/stm32f1xx_hal_rcc.c.obj
 .debug_abbrev  0x000021c6      0x1d2 CMakeFiles/HelloWord-Keyboard-fw.elf.dir/Drivers/STM32F1xx_HAL_Driver/Src/stm32f1xx_hal_rcc_ex.c.obj
 .debug_abbrev  0x00002398      0x23b CMakeFiles/HelloWord-Keyboard-fw.elf.dir/Drivers/STM32F1xx_HAL_Driver/Src/stm32f1xx_hal_spi.c.obj
 .debug_abbrev  0x000025d3      0x23e CMakeFiles/HelloWord-Keyboard-fw.elf.dir/Drivers/STM32F1xx_HAL_Driver/Src/stm32f1xx_hal_tim.c.obj
 .debug_abbrev  0x00002811      0x241 CMakeFiles/HelloWord-Keyboard-fw.elf.dir/Drivers/STM32F1xx_HAL_Driver/Src/stm32f1xx_hal_tim_ex.c.obj
 .debug_abbrev  0x00002a52      0x254 CMakeFiles/HelloWord-Keyboard-fw.elf.dir/Drivers/STM32F1xx_HAL_Driver/Src/stm32f1xx_hal_uart.c.obj
 .debug_abbrev  0x00002ca6      0x21f CMakeFiles/HelloWord-Keyboard-fw.elf.dir/Drivers/STM32F1xx_HAL_Driver/Src/stm32f1xx_ll_usb.c.obj
 .debug_abbrev  0x00002ec5      0x24a CMakeFiles/HelloWord-Keyboard-fw.elf.dir/HelloWord/Utils/Memory/random_flash_utils.cpp.obj
 .debug_abbrev  0x0000310f      0x407 CMakeFiles/HelloWord-Keyboard-fw.elf.dir/HelloWord/hw_keyboard.cpp.obj
 .debug_abbrev  0x00003516      0x27d CMakeFiles/HelloWord-Keyboard-fw.elf.dir/Middlewares/ST/STM32_USB_Device_Library/Class/CustomHID/Src/usbd_customhid.c.obj
 .debug_abbrev  0x00003793      0x24c CMakeFiles/HelloWord-Keyboard-fw.elf.dir/Middlewares/ST/STM32_USB_Device_Library/Core/Src/usbd_core.c.obj
 .debug_abbrev  0x000039df      0x2bf CMakeFiles/HelloWord-Keyboard-fw.elf.dir/Middlewares/ST/STM32_USB_Device_Library/Core/Src/usbd_ctlreq.c.obj
 .debug_abbrev  0x00003c9e      0x17d CMakeFiles/HelloWord-Keyboard-fw.elf.dir/Middlewares/ST/STM32_USB_Device_Library/Core/Src/usbd_ioreq.c.obj
 .debug_abbrev  0x00003e1b      0x18b CMakeFiles/HelloWord-Keyboard-fw.elf.dir/USB_DEVICE/App/usb_device.c.obj
 .debug_abbrev  0x00003fa6      0x13e CMakeFiles/HelloWord-Keyboard-fw.elf.dir/USB_DEVICE/App/usbd_custom_hid_if.c.obj
 .debug_abbrev  0x000040e4      0x1fe CMakeFiles/HelloWord-Keyboard-fw.elf.dir/USB_DEVICE/App/usbd_desc.c.obj
 .debug_abbrev  0x000042e2      0x2da CMakeFiles/HelloWord-Keyboard-fw.elf.dir/USB_DEVICE/Target/usbd_conf.c.obj
 .debug_abbrev  0x000045bc      0x615 CMakeFiles/HelloWord-Keyboard-fw.elf.dir/UserApp/main.cpp.obj
 .debug_abbrev  0x00004bd1       0x12 CMakeFiles/HelloWord-Keyboard-fw.elf.dir/startup/startup_stm32f103xb.s.obj

.debug_aranges  0x00000000     0x1670
 .debug_aranges
                0x00000000       0x20 CMakeFiles/HelloWord-Keyboard-fw.elf.dir/Core/Src/dma.c.obj
 .debug_aranges
                0x00000020       0x20 CMakeFiles/HelloWord-Keyboard-fw.elf.dir/Core/Src/gpio.c.obj
 .debug_aranges
                0x00000040       0x30 CMakeFiles/HelloWord-Keyboard-fw.elf.dir/Core/Src/main.c.obj
 .debug_aranges
                0x00000070       0x38 CMakeFiles/HelloWord-Keyboard-fw.elf.dir/Core/Src/spi.c.obj
 .debug_aranges
                0x000000a8       0x20 CMakeFiles/HelloWord-Keyboard-fw.elf.dir/Core/Src/stm32f1xx_hal_msp.c.obj
 .debug_aranges
                0x000000c8       0x90 CMakeFiles/HelloWord-Keyboard-fw.elf.dir/Core/Src/stm32f1xx_it.c.obj
 .debug_aranges
                0x00000158       0x28 CMakeFiles/HelloWord-Keyboard-fw.elf.dir/Core/Src/system_stm32f1xx.c.obj
 .debug_aranges
                0x00000180       0x30 CMakeFiles/HelloWord-Keyboard-fw.elf.dir/Core/Src/tim.c.obj
 .debug_aranges
                0x000001b0       0x30 CMakeFiles/HelloWord-Keyboard-fw.elf.dir/Core/Src/usart.c.obj
 .debug_aranges
                0x000001e0       0xe0 CMakeFiles/HelloWord-Keyboard-fw.elf.dir/Drivers/STM32F1xx_HAL_Driver/Src/stm32f1xx_hal.c.obj
 .debug_aranges
                0x000002c0       0x90 CMakeFiles/HelloWord-Keyboard-fw.elf.dir/Drivers/STM32F1xx_HAL_Driver/Src/stm32f1xx_hal_cortex.c.obj
 .debug_aranges
                0x00000350       0x80 CMakeFiles/HelloWord-Keyboard-fw.elf.dir/Drivers/STM32F1xx_HAL_Driver/Src/stm32f1xx_hal_dma.c.obj
 .debug_aranges
                0x000003d0       0x88 CMakeFiles/HelloWord-Keyboard-fw.elf.dir/Drivers/STM32F1xx_HAL_Driver/Src/stm32f1xx_hal_flash.c.obj
 .debug_aranges
                0x00000458       0x98 CMakeFiles/HelloWord-Keyboard-fw.elf.dir/Drivers/STM32F1xx_HAL_Driver/Src/stm32f1xx_hal_flash_ex.c.obj
 .debug_aranges
                0x000004f0       0x58 CMakeFiles/HelloWord-Keyboard-fw.elf.dir/Drivers/STM32F1xx_HAL_Driver/Src/stm32f1xx_hal_gpio.c.obj
 .debug_aranges
                0x00000548      0x138 CMakeFiles/HelloWord-Keyboard-fw.elf.dir/Drivers/STM32F1xx_HAL_Driver/Src/stm32f1xx_hal_pcd.c.obj
 .debug_aranges
                0x00000680       0x38 CMakeFiles/HelloWord-Keyboard-fw.elf.dir/Drivers/STM32F1xx_HAL_Driver/Src/stm32f1xx_hal_pcd_ex.c.obj
 .debug_aranges
                0x000006b8       0x90 CMakeFiles/HelloWord-Keyboard-fw.elf.dir/Drivers/STM32F1xx_HAL_Driver/Src/stm32f1xx_hal_rcc.c.obj
 .debug_aranges
                0x00000748       0x30 CMakeFiles/HelloWord-Keyboard-fw.elf.dir/Drivers/STM32F1xx_HAL_Driver/Src/stm32f1xx_hal_rcc_ex.c.obj
 .debug_aranges
                0x00000778      0x1d0 CMakeFiles/HelloWord-Keyboard-fw.elf.dir/Drivers/STM32F1xx_HAL_Driver/Src/stm32f1xx_hal_spi.c.obj
 .debug_aranges
                0x00000948      0x3d0 CMakeFiles/HelloWord-Keyboard-fw.elf.dir/Drivers/STM32F1xx_HAL_Driver/Src/stm32f1xx_hal_tim.c.obj
 .debug_aranges
                0x00000d18      0x168 CMakeFiles/HelloWord-Keyboard-fw.elf.dir/Drivers/STM32F1xx_HAL_Driver/Src/stm32f1xx_hal_tim_ex.c.obj
 .debug_aranges
                0x00000e80      0x200 CMakeFiles/HelloWord-Keyboard-fw.elf.dir/Drivers/STM32F1xx_HAL_Driver/Src/stm32f1xx_hal_uart.c.obj
 .debug_aranges
                0x00001080       0xf0 CMakeFiles/HelloWord-Keyboard-fw.elf.dir/Drivers/STM32F1xx_HAL_Driver/Src/stm32f1xx_ll_usb.c.obj
 .debug_aranges
                0x00001170       0x48 CMakeFiles/HelloWord-Keyboard-fw.elf.dir/HelloWord/Utils/Memory/random_flash_utils.cpp.obj
 .debug_aranges
                0x000011b8       0x70 CMakeFiles/HelloWord-Keyboard-fw.elf.dir/HelloWord/hw_keyboard.cpp.obj
 .debug_aranges
                0x00001228       0x78 CMakeFiles/HelloWord-Keyboard-fw.elf.dir/Middlewares/ST/STM32_USB_Device_Library/Class/CustomHID/Src/usbd_customhid.c.obj
 .debug_aranges
                0x000012a0       0xb8 CMakeFiles/HelloWord-Keyboard-fw.elf.dir/Middlewares/ST/STM32_USB_Device_Library/Core/Src/usbd_core.c.obj
 .debug_aranges
                0x00001358       0x88 CMakeFiles/HelloWord-Keyboard-fw.elf.dir/Middlewares/ST/STM32_USB_Device_Library/Core/Src/usbd_ctlreq.c.obj
 .debug_aranges
                0x000013e0       0x50 CMakeFiles/HelloWord-Keyboard-fw.elf.dir/Middlewares/ST/STM32_USB_Device_Library/Core/Src/usbd_ioreq.c.obj
 .debug_aranges
                0x00001430       0x20 CMakeFiles/HelloWord-Keyboard-fw.elf.dir/USB_DEVICE/App/usb_device.c.obj
 .debug_aranges
                0x00001450       0x30 CMakeFiles/HelloWord-Keyboard-fw.elf.dir/USB_DEVICE/App/usbd_custom_hid_if.c.obj
 .debug_aranges
                0x00001480       0x60 CMakeFiles/HelloWord-Keyboard-fw.elf.dir/USB_DEVICE/App/usbd_desc.c.obj
 .debug_aranges
                0x000014e0      0x118 CMakeFiles/HelloWord-Keyboard-fw.elf.dir/USB_DEVICE/Target/usbd_conf.c.obj
 .debug_aranges